Component: ARM Compiler 5.06 update 5 (build 528) Tool: armlink [4d35e2]

==============================================================================

Section Cross References

    startup_stm32f10x_hd.o(RESET) refers to startup_stm32f10x_hd.o(STACK) for __initial_sp
    startup_stm32f10x_hd.o(RESET) refers to startup_stm32f10x_hd.o(.text) for Reset_Handler
    startup_stm32f10x_hd.o(RESET) refers to stm32f10x_it.o(.text) for NMI_Handler
    startup_stm32f10x_hd.o(RESET) refers to encoder.o(.text) for TIM4_IRQHandler
    startup_stm32f10x_hd.o(RESET) refers to usartx.o(.text) for USART1_IRQHandler
    startup_stm32f10x_hd.o(RESET) refers to bluetooth.o(.text) for USART3_IRQHandler
    startup_stm32f10x_hd.o(RESET) refers to control.o(.text) for EXTI15_10_IRQHandler
    startup_stm32f10x_hd.o(.text) refers to system_stm32f10x.o(.text) for SystemInit
    startup_stm32f10x_hd.o(.text) refers to entry.o(.ARM.Collect$$$$00000000) for __main
    system_stm32f10x.o(.text) refers to system_stm32f10x.o(.data) for .data
    stm32f10x_adc.o(.text) refers to stm32f10x_rcc.o(.text) for RCC_APB2PeriphResetCmd
    stm32f10x_bkp.o(.text) refers to stm32f10x_rcc.o(.text) for RCC_BackupResetCmd
    stm32f10x_can.o(.text) refers to stm32f10x_rcc.o(.text) for RCC_APB1PeriphResetCmd
    stm32f10x_cec.o(.text) refers to stm32f10x_rcc.o(.text) for RCC_APB1PeriphResetCmd
    stm32f10x_dac.o(.text) refers to stm32f10x_rcc.o(.text) for RCC_APB1PeriphResetCmd
    stm32f10x_gpio.o(.text) refers to stm32f10x_rcc.o(.text) for RCC_APB2PeriphResetCmd
    stm32f10x_i2c.o(.text) refers to stm32f10x_rcc.o(.text) for RCC_APB1PeriphResetCmd
    stm32f10x_pwr.o(.text) refers to stm32f10x_rcc.o(.text) for RCC_APB1PeriphResetCmd
    stm32f10x_rcc.o(.text) refers to stm32f10x_rcc.o(.data) for .data
    stm32f10x_spi.o(.text) refers to stm32f10x_rcc.o(.text) for RCC_APB2PeriphResetCmd
    stm32f10x_tim.o(.text) refers to stm32f10x_rcc.o(.text) for RCC_APB1PeriphResetCmd
    stm32f10x_usart.o(.text) refers to stm32f10x_rcc.o(.text) for RCC_APB2PeriphResetCmd
    stm32f10x_wwdg.o(.text) refers to stm32f10x_rcc.o(.text) for RCC_APB1PeriphResetCmd
    main.o(.text) refers to misc.o(.text) for NVIC_PriorityGroupConfig
    main.o(.text) refers to bsp_beep.o(.text) for JTAG_Set
    main.o(.text) refers to bsp_led.o(.text) for LED_GPIO_Config
    main.o(.text) refers to bsp_key.o(.text) for Key_GPIO_Config
    main.o(.text) refers to bsp_oled.o(.text) for OLED_Init
    main.o(.text) refers to encoder.o(.text) for Encoder_Init
    main.o(.text) refers to bsp_motor.o(.text) for Motor_Init
    main.o(.text) refers to bsp_usart.o(.text) for DEBUG_USART_Init
    main.o(.text) refers to control.o(.text) for CountSensor_Init
    main.o(.text) refers to bsp_adc.o(.text) for Voltage_ADC_Init
    main.o(.text) refers to mpu6050.o(.text) for MPU6050_Init
    main.o(.text) refers to bsp_systick.o(.text) for SysTick_Delay_Ms
    main.o(.text) refers to bsp_generaltim.o(.text) for TIMING_TIM_Init
    main.o(.text) refers to show.o(.text) for Show
    main.o(.text) refers to usartx.o(.text) for data_transition
    main.o(.text) refers to control.o(.data) for stop_flag
    main.o(.text) refers to main.o(.data) for .data
    stm32f10x_it.o(.text) refers to bsp_systick.o(.text) for TimingDelay_Decrement
    bsp_beep.o(.text) refers to stm32f10x_rcc.o(.text) for RCC_APB2PeriphClockCmd
    bsp_beep.o(.text) refers to stm32f10x_gpio.o(.text) for GPIO_Init
    bsp_beep.o(.text) refers to bsp_beep.o(.data) for .data
    bsp_key.o(.text) refers to stm32f10x_rcc.o(.text) for RCC_APB2PeriphClockCmd
    bsp_key.o(.text) refers to stm32f10x_gpio.o(.text) for GPIO_Init
    bsp_key.o(.text) refers to bsp_key.o(.data) for .data
    bsp_key.o(.text) refers to main.o(.data) for Flag_Show
    bsp_led.o(.text) refers to stm32f10x_rcc.o(.text) for RCC_APB2PeriphClockCmd
    bsp_led.o(.text) refers to stm32f10x_gpio.o(.text) for GPIO_Init
    bsp_led.o(.text) refers to bsp_led.o(.data) for .data
    bsp_systick.o(.text) refers to ffltui.o(.text) for __aeabi_ui2f
    bsp_systick.o(.text) refers to fdiv.o(.text) for __aeabi_fdiv
    bsp_systick.o(.text) refers to ffixui.o(.text) for __aeabi_f2uiz
    bsp_systick.o(.text) refers to system_stm32f10x.o(.data) for SystemCoreClock
    bsp_systick.o(.text) refers to bsp_systick.o(.data) for .data
    bsp_usart.o(.text) refers to stm32f10x_rcc.o(.text) for RCC_APB2PeriphClockCmd
    bsp_usart.o(.text) refers to stm32f10x_gpio.o(.text) for GPIO_Init
    bsp_usart.o(.text) refers to misc.o(.text) for NVIC_Init
    bsp_usart.o(.text) refers to stm32f10x_usart.o(.text) for USART_Init
    bsp_usart.o(.text) refers to main.o(.data) for Flag_Show
    bsp_generaltim.o(.text) refers to misc.o(.text) for NVIC_Init
    bsp_generaltim.o(.text) refers to stm32f10x_rcc.o(.text) for RCC_APB1PeriphClockCmd
    bsp_generaltim.o(.text) refers to stm32f10x_tim.o(.text) for TIM_TimeBaseInit
    bsp_generaltim.o(.text) refers to stm32f10x_gpio.o(.text) for GPIO_Init
[...]
    Pdot                                     0x20000818   Data          16  filter.o(.bss)
    Pdot                                     0x20000828   Data          16  filter.o(.bss)
    STACK                                    0x20000838   Section     1024  startup_stm32f10x_hd.o(STACK)

    Global Symbols

    Symbol Name                              Value     Ov Type        Size  Object(Section)

    BuildAttributes$$THM_ISAv4$P$D$K$B$S$PE$A:L22UL41UL21$X:L11$S22US41US21$IEEE1$IW$USESV6$~STKCKD$USESV7$~SHL$OTIME$ROPI$IEEEX$EBA8$MICROLIB$REQ8$PRES8$EABIv2 0x00000000   Number         0  anon$$obj.o ABSOLUTE
    __ARM_use_no_argv                        0x00000000   Number         0  main.o ABSOLUTE
    _printf_a                                0x00000000   Number         0  stubs.o ABSOLUTE
    _printf_c                                0x00000000   Number         0  stubs.o ABSOLUTE
    _printf_charcount                        0x00000000   Number         0  stubs.o ABSOLUTE
    _printf_d                                0x00000000   Number         0  stubs.o ABSOLUTE
    _printf_e                                0x00000000   Number         0  stubs.o ABSOLUTE
    _printf_f                                0x00000000   Number         0  stubs.o ABSOLUTE
    _printf_flags                            0x00000000   Number         0  stubs.o ABSOLUTE
    _printf_fp_dec                           0x00000000   Number         0  stubs.o ABSOLUTE
    _printf_fp_hex                           0x00000000   Number         0  stubs.o ABSOLUTE
    _printf_g                                0x00000000   Number         0  stubs.o ABSOLUTE
    _printf_i                                0x00000000   Number         0  stubs.o ABSOLUTE
    _printf_int_dec                          0x00000000   Number         0  stubs.o ABSOLUTE
    _printf_l                                0x00000000   Number         0  stubs.o ABSOLUTE
    _printf_lc                               0x00000000   Number         0  stubs.o ABSOLUTE
    _printf_ll                               0x00000000   Number         0  stubs.o ABSOLUTE
    _printf_lld                              0x00000000   Number         0  stubs.o ABSOLUTE
    _printf_lli                              0x00000000   Number         0  stubs.o ABSOLUTE
    _printf_llo                              0x00000000   Number         0  stubs.o ABSOLUTE
    _printf_llu                              0x00000000   Number         0  stubs.o ABSOLUTE
    _printf_llx                              0x00000000   Number         0  stubs.o ABSOLUTE
    _printf_longlong_dec                     0x00000000   Number         0  stubs.o ABSOLUTE
    _printf_longlong_hex                     0x00000000   Number         0  stubs.o ABSOLUTE
    _printf_longlong_oct                     0x00000000   Number         0  stubs.o ABSOLUTE
    _printf_ls                               0x00000000   Number         0  stubs.o ABSOLUTE
    _printf_mbtowc                           0x00000000   Number         0  stubs.o ABSOLUTE
    _printf_n                                0x00000000   Number         0  stubs.o ABSOLUTE
    _printf_o                                0x00000000   Number         0  stubs.o ABSOLUTE
    _printf_p                                0x00000000   Number         0  stubs.o ABSOLUTE
    _printf_percent                          0x00000000   Number         0  stubs.o ABSOLUTE
    _printf_pre_padding                      0x00000000   Number         0  stubs.o ABSOLUTE
    _printf_return_value                     0x00000000   Number         0  stubs.o ABSOLUTE
    _printf_s                                0x00000000   Number         0  stubs.o ABSOLUTE
    _printf_sizespec                         0x00000000   Number         0  stubs.o ABSOLUTE
    _printf_str                              0x00000000   Number         0  stubs.o ABSOLUTE
    _printf_truncate_signed                  0x00000000   Number         0  stubs.o ABSOLUTE
    _printf_truncate_unsigned                0x00000000   Number         0  stubs.o ABSOLUTE
    _printf_u                                0x00000000   Number         0  stubs.o ABSOLUTE
    _printf_wc                               0x00000000   Number         0  stubs.o ABSOLUTE
    _printf_wctomb                           0x00000000   Number         0  stubs.o ABSOLUTE
    _printf_widthprec                        0x00000000   Number         0  stubs.o ABSOLUTE
    _printf_x                                0x00000000   Number         0  stubs.o ABSOLUTE
    __cpp_initialize__aeabi_                  - Undefined Weak Reference
    __cxa_finalize                            - Undefined Weak Reference
    _clock_init                               - Undefined Weak Reference
    _microlib_exit                            - Undefined Weak Reference
    __Vectors_Size                           0x00000130   Number         0  startup_stm32f10x_hd.o ABSOLUTE
    __Vectors                                0x08000000   Data           4  startup_stm32f10x_hd.o(RESET)
    __Vectors_End                            0x08000130   Data           0  startup_stm32f10x_hd.o(RESET)
    __main                                   0x08000131   Thumb Code     0  entry.o(.ARM.Collect$$$$00000000)
    _main_stk                                0x08000131   Thumb Code     0  entry2.o(.ARM.Collect$$$$00000001)
    _main_scatterload                        0x08000135   Thumb Code     0  entry5.o(.ARM.Collect$$$$00000004)
    __main_after_scatterload                 0x08000139   Thumb Code     0  entry5.o(.ARM.Collect$$$$00000004)
    _main_clock                              0x08000139   Thumb Code     0  entry7b.o(.ARM.Collect$$$$00000008)
    _main_cpp_init                           0x08000139   Thumb Code     0  entry8b.o(.ARM.Collect$$$$0000000A)
    _main_init                               0x08000139   Thumb Code     0  entry9a.o(.ARM.Collect$$$$0000000B)
    __rt_final_cpp                           0x08000141   Thumb Code     0  entry10a.o(.ARM.Collect$$$$0000000D)
    __rt_final_exit                          0x08000141   Thumb Code     0  entry11a.o(.ARM.Collect$$$$0000000F)
    Reset_Handler                            0x08000145   Thumb Code     8  startup_stm32f10x_hd.o(.text)
    ADC1_2_IRQHandler                        0x0800015f   Thumb Code     0  startup_stm32f10x_hd.o(.text)
    ADC3_IRQHandler                          0x0800015f   Thumb Code     0  startup_stm32f10x_hd.o(.text)
    CAN1_RX1_IRQHandler                      0x0800015f   Thumb Code     0  startup_stm32f10x_hd.o(.text)
    CAN1_SCE_IRQHandler                      0x0800015f   Thumb Code     0  startup_stm32f10x_hd.o(.text)
    DMA1_Channel1_IRQHandler                 0x0800015f   Thumb Code     0  startup_stm32f10x_hd.o(.text)
    DMA1_Channel2_IRQHandler                 0x0800015f   Thumb Code     0  startup_stm32f10x_hd.o(.text)
    DMA1_Channel3_IRQHandler                 0x0800015f   Thumb Code     0  startup_stm32f10x_hd.o(.text)
    DMA1_Channel4_IRQHandler                 0x0800015f   Thumb Code     0  startup_stm32f10x_hd.o(.text)
    DMA1_Channel5_IRQHandler                 0x0800015f   Thumb Code     0  startup_stm32f10x_hd.o(.text)
    DMA1_Channel6_IRQHandler                 0x0800015f   Thumb Code     0  startup_stm32f10x_hd.o(.text)
    DMA1_Channel7_IRQHandler                 0x0800015f   Thumb Code     0  startup_stm32f10x_hd.o(.text)
    DMA2_Channel1_IRQHandler                 0x0800015f   Thumb Code     0  startup_stm32f10x_hd.o(.text)
    DMA2_Channel2_IRQHandler                 0x0800015f   Thumb Code     0  startup_stm32f10x_hd.o(.text)
    DMA2_Channel3_IRQHandler                 0x0800015f   Thumb Code     0  startup_stm32f10x_hd.o(.text)
    DMA2_Channel4_5_IRQHandler               0x0800015f   Thumb Code     0  startup_stm32f10x_hd.o(.text)
    EXTI0_IRQHandler                         0x0800015f   Thumb Code     0  startup_stm32f10x_hd.o(.text)
    EXTI1_IRQHandler                         0x0800015f   Thumb Code     0  startup_stm32f10x_hd.o(.text)
    EXTI2_IRQHandler                         0x0800015f   Thumb Code     0  startup_stm32f10x_hd.o(.text)
    EXTI3_IRQHandler                         0x0800015f   Thumb Code     0  startup_stm32f10x_hd.o(.text)
    EXTI4_IRQHandler                         0x0800015f   Thumb Code     0  startup_stm32f10x_hd.o(.text)
    EXTI9_5_IRQHandler                       0x0800015f   Thumb Code     0  startup_stm32f10x_hd.o(.text)
    FLASH_IRQHandler                         0x0800015f   Thumb Code     0  startup_stm32f10x_hd.o(.text)
    FSMC_IRQHandler                          0x0800015f   Thumb Code     0  startup_stm32f10x_hd.o(.text)
    I2C1_ER_IRQHandler                       0x0800015f   Thumb Code     0  startup_stm32f10x_hd.o(.text)
    I2C1_EV_IRQHandler                       0x0800015f   Thumb Code     0  startup_stm32f10x_hd.o(.text)
    I2C2_ER_IRQHandler                       0x0800015f   Thumb Code     0  startup_stm32f10x_hd.o(.text)
    I2C2_EV_IRQHandler                       0x0800015f   Thumb Code     0  startup_stm32f10x_hd.o(.text)
    PVD_IRQHandler                           0x0800015f   Thumb Code     0  startup_stm32f10x_hd.o(.text)
    RCC_IRQHandler                           0x0800015f   Thumb Code     0  startup_stm32f10x_hd.o(.text)
    RTCAlarm_IRQHandler                      0x0800015f   Thumb Code     0  startup_stm32f10x_hd.o(.text)
    RTC_IRQHandler                           0x0800015f   Thumb Code     0  startup_stm32f10x_hd.o(.text)
    SDIO_IRQHandler                          0x0800015f   Thumb Code     0  startup_stm32f10x_hd.o(.text)
    SPI1_IRQHandler                          0x0800015f   Thumb Code     0  startup_stm32f10x_hd.o(.text)
    SPI2_IRQHandler                          0x0800015f   Thumb Code     0  startup_stm32f10x_hd.o(.text)
    SPI3_IRQHandler                          0x0800015f   Thumb Code     0  startup_stm32f10x_hd.o(.text)
    TAMPER_IRQHandler                        0x0800015f   Thumb Code     0  startup_stm32f10x_hd.o(.text)
    TIM1_BRK_IRQHandler                      0x0800015f   Thumb Code     0  startup_stm32f10x_hd.o(.text)
    TIM1_CC_IRQHandler                       0x0800015f   Thumb Code     0  startup_stm32f10x_hd.o(.text)
    TIM1_TRG_COM_IRQHandler                  0x0800015f   Thumb Code     0  startup_stm32f10x_hd.o(.text)
    TIM1_UP_IRQHandler                       0x0800015f   Thumb Code     0  startup_stm32f10x_hd.o(.text)
    TIM2_IRQHandler                          0x0800015f   Thumb Code     0  startup_stm32f10x_hd.o(.text)
    TIM3_IRQHandler                          0x0800015f   Thumb Code     0  startup_stm32f10x_hd.o(.text)
    TIM6_IRQHandler                          0x0800015f   Thumb Code     0  startup_stm32f10x_hd.o(.text)
    TIM7_IRQHandler                          0x0800015f   Thumb Code     0  startup_stm32f10x_hd.o(.text)
    TIM8_BRK_IRQHandler                      0x0800015f   Thumb Code     0  startup_stm32f10x_hd.o(.text)
    TIM8_CC_IRQHandler                       0x0800015f   Thumb Code     0  startup_stm32f10x_hd.o(.text)
    TIM8_TRG_COM_IRQHandler                  0x0800015f   Thumb Code     0  startup_stm32f10x_hd.o(.text)
    UART5_IRQHandler                         0x0800015f   Thumb Code     0  startup_stm32f10x_hd.o(.text)
    USBWakeUp_IRQHandler                     0x0800015f   Thumb Code     0  startup_stm32f10x_hd.o(.text)
    USB_HP_CAN1_TX_IRQHandler                0x0800015f   Thumb Code     0  startup_stm32f10x_hd.o(.text)
    USB_LP_CAN1_RX0_IRQHandler               0x0800015f   Thumb Code     0  startup_stm32f10x_hd.o(.text)
    WWDG_IRQHandler                          0x0800015f   Thumb Code     0  startup_stm32f10x_hd.o(.text)
    SystemInit                               0x08000209   Thumb Code    64  system_stm32f10x.o(.text)
    SystemCoreClockUpdate                    0x08000249   Thumb Code    86  system_stm32f10x.o(.text)
    NVIC_PriorityGroupConfig                 0x080002c1   Thumb Code    10  misc.o(.text)
    NVIC_Init                                0x080002cb   Thumb Code    94  misc.o(.text)
    NVIC_SetVectorTable                      0x08000329   Thumb Code    14  misc.o(.text)
    NVIC_SystemLPConfig                      0x08000337   Thumb Code    20  misc.o(.text)
    SysTick_CLKSourceConfig                  0x0800034b   Thumb Code    24  misc.o(.text)
    ADC_DeInit                               0x08000371   Thumb Code    56  stm32f10x_adc.o(.text)
    ADC_Init                                 0x080003a9   Thumb Code    62  stm32f10x_adc.o(.text)
    ADC_StructInit                           0x080003e7   Thumb Code    18  stm32f10x_adc.o(.text)
    ADC_Cmd                                  0x080003f9   Thumb Code    20  stm32f10x_adc.o(.text)
    ADC_DMACmd                               0x0800040d   Thumb Code    20  stm32f10x_adc.o(.text)
    ADC_ITConfig                             0x08000421   Thumb Code    18  stm32f10x_adc.o(.text)
    ADC_ResetCalibration                     0x08000433   Thumb Code    10  stm32f10x_adc.o(.text)
    ADC_GetResetCalibrationStatus            0x0800043d   Thumb Code    14  stm32f10x_adc.o(.text)
    ADC_StartCalibration                     0x0800044b   Thumb Code    10  stm32f10x_adc.o(.text)
    ADC_GetCalibrationStatus                 0x08000455   Thumb Code    14  stm32f10x_adc.o(.text)
    ADC_SoftwareStartConvCmd                 0x08000463   Thumb Code    20  stm32f10x_adc.o(.text)
    ADC_GetSoftwareStartConvStatus           0x08000477   Thumb Code    14  stm32f10x_adc.o(.text)
    ADC_DiscModeChannelCountConfig           0x08000485   Thumb Code    16  stm32f10x_adc.o(.text)
    ADC_DiscModeCmd                          0x08000495   Thumb Code    20  stm32f10x_adc.o(.text)
    ADC_RegularChannelConfig                 0x080004a9   Thumb Code   116  stm32f10x_adc.o(.text)
    ADC_ExternalTrigConvCmd                  0x0800051d   Thumb Code    20  stm32f10x_adc.o(.text)
    ADC_GetConversionValue                   0x08000531   Thumb Code     6  stm32f10x_adc.o(.text)
    ADC_GetDualModeConversionValue           0x08000537   Thumb Code     8  stm32f10x_adc.o(.text)
    ADC_AutoInjectedConvCmd                  0x0800053f   Thumb Code    20  stm32f10x_adc.o(.text)
    ADC_InjectedDiscModeCmd                  0x08000553   Thumb Code    20  stm32f10x_adc.o(.text)
    ADC_ExternalTrigInjectedConvConfig       0x08000567   Thumb Code    12  stm32f10x_adc.o(.text)
    ADC_ExternalTrigInjectedConvCmd          0x08000573   Thumb Code    20  stm32f10x_adc.o(.text)
    ADC_SoftwareStartInjectedConvCmd         0x08000587   Thumb Code    20  stm32f10x_adc.o(.text)
    ADC_GetSoftwareStartInjectedConvCmdStatus 0x0800059b   Thumb Code    14  stm32f10x_adc.o(.text)
    ADC_InjectedChannelConfig                0x080005a9   Thumb Code    74  stm32f10x_adc.o(.text)
    ADC_InjectedSequencerLengthConfig        0x080005f3   Thumb Code    16  stm32f10x_adc.o(.text)
    ADC_SetInjectedOffset                    0x08000603   Thumb Code    10  stm32f10x_adc.o(.text)
    ADC_GetInjectedConversionValue           0x0800060d   Thumb Code    14  stm32f10x_adc.o(.text)
    ADC_AnalogWatchdogCmd                    0x0800061b   Thumb Code    12  stm32f10x_adc.o(.text)
    ADC_AnalogWatchdogThresholdsConfig       0x08000627   Thumb Code     6  stm32f10x_adc.o(.text)
    ADC_AnalogWatchdogSingleChannelConfig    0x0800062d   Thumb Code    12  stm32f10x_adc.o(.text)
    ADC_TempSensorVrefintCmd                 0x08000639   Thumb Code    24  stm32f10x_adc.o(.text)
    ADC_GetFlagStatus                        0x08000651   Thumb Code    14  stm32f10x_adc.o(.text)
    ADC_ClearFlag                            0x0800065f   Thumb Code     6  stm32f10x_adc.o(.text)
    ADC_GetITStatus                          0x08000665   Thumb Code    28  stm32f10x_adc.o(.text)
    ADC_ClearITPendingBit                    0x08000681   Thumb Code     8  stm32f10x_adc.o(.text)
    EXTI_DeInit                              0x080006a1   Thumb Code    28  stm32f10x_exti.o(.text)
    EXTI_Init                                0x080006bd   Thumb Code   108  stm32f10x_exti.o(.text)
    EXTI_StructInit                          0x08000729   Thumb Code    14  stm32f10x_exti.o(.text)
    EXTI_GenerateSWInterrupt                 0x08000737   Thumb Code    12  stm32f10x_exti.o(.text)
    EXTI_GetFlagStatus                       0x08000743   Thumb Code    18  stm32f10x_exti.o(.text)
    EXTI_ClearFlag                           0x08000755   Thumb Code     8  stm32f10x_exti.o(.text)
    EXTI_GetITStatus                         0x0800075d   Thumb Code    28  stm32f10x_exti.o(.text)
    EXTI_ClearITPendingBit                   0x08000779   Thumb Code     8  stm32f10x_exti.o(.text)
    GPIO_DeInit                              0x08000789   Thumb Code   152  stm32f10x_gpio.o(.text)
    GPIO_AFIODeInit                          0x08000821   Thumb Code    22  stm32f10x_gpio.o(.text)
    GPIO_Init                                0x08000837   Thumb Code   156  stm32f10x_gpio.o(.text)
    GPIO_StructInit                          0x080008d3   Thumb Code    16  stm32f10x_gpio.o(.text)
    GPIO_ReadInputDataBit                    0x080008e3   Thumb Code    14  stm32f10x_gpio.o(.text)
    GPIO_ReadInputData                       0x080008f1   Thumb Code     6  stm32f10x_gpio.o(.text)
    GPIO_ReadOutputDataBit                   0x080008f7   Thumb Code    14  stm32f10x_gpio.o(.text)
    GPIO_ReadOutputData                      0x08000905   Thumb Code     6  stm32f10x_gpio.o(.text)
    GPIO_SetBits                             0x0800090b   Thumb Code     4  stm32f10x_gpio.o(.text)
    GPIO_ResetBits                           0x0800090f   Thumb Code     4  stm32f10x_gpio.o(.text)
    GPIO_WriteBit                            0x08000913   Thumb Code    10  stm32f10x_gpio.o(.text)
    GPIO_Write                               0x0800091d   Thumb Code     4  stm32f10x_gpio.o(.text)
    GPIO_PinLockConfig                       0x08000921   Thumb Code    16  stm32f10x_gpio.o(.text)
    GPIO_EventOutputConfig                   0x08000931   Thumb Code    22  stm32f10x_gpio.o(.text)
    GPIO_EventOutputCmd                      0x08000947   Thumb Code     6  stm32f10x_gpio.o(.text)
    GPIO_PinRemapConfig                      0x0800094d   Thumb Code    82  stm32f10x_gpio.o(.text)
    GPIO_EXTILineConfig                      0x0800099f   Thumb Code    34  stm32f10x_gpio.o(.text)
    GPIO_ETH_MediaInterfaceConfig            0x080009c1   Thumb Code     8  stm32f10x_gpio.o(.text)
    RCC_DeInit                               0x080009ed   Thumb Code    50  stm32f10x_rcc.o(.text)
    RCC_HSEConfig                            0x08000a1f   Thumb Code    48  stm32f10x_rcc.o(.text)
    RCC_GetFlagStatus                        0x08000a4f   Thumb Code    42  stm32f10x_rcc.o(.text)
    RCC_WaitForHSEStartUp                    0x08000a79   Thumb Code    44  stm32f10x_rcc.o(.text)
    RCC_AdjustHSICalibrationValue            0x08000aa5   Thumb Code    16  stm32f10x_rcc.o(.text)
    RCC_HSICmd                               0x08000ab5   Thumb Code     6  stm32f10x_rcc.o(.text)
    RCC_PLLConfig                            0x08000abb   Thumb Code    16  stm32f10x_rcc.o(.text)
    RCC_PLLCmd                               0x08000acb   Thumb Code     6  stm32f10x_rcc.o(.text)
    RCC_SYSCLKConfig                         0x08000ad1   Thumb Code    14  stm32f10x_rcc.o(.text)
    RCC_GetSYSCLKSource                      0x08000adf   Thumb Code    10  stm32f10x_rcc.o(.text)
    RCC_HCLKConfig                           0x08000ae9   Thumb Code    14  stm32f10x_rcc.o(.text)
    RCC_PCLK1Config                          0x08000af7   Thumb Code    14  stm32f10x_rcc.o(.text)
    RCC_PCLK2Config                          0x08000b05   Thumb Code    16  stm32f10x_rcc.o(.text)
    RCC_ITConfig                             0x08000b15   Thumb Code    18  stm32f10x_rcc.o(.text)
    RCC_USBCLKConfig                         0x08000b27   Thumb Code     8  stm32f10x_rcc.o(.text)
    RCC_ADCCLKConfig                         0x08000b2f   Thumb Code    14  stm32f10x_rcc.o(.text)
    RCC_LSEConfig                            0x08000b3d   Thumb Code    28  stm32f10x_rcc.o(.text)
    RCC_LSICmd                               0x08000b59   Thumb Code     6  stm32f10x_rcc.o(.text)
    RCC_RTCCLKConfig                         0x08000b5f   Thumb Code    10  stm32f10x_rcc.o(.text)
    RCC_RTCCLKCmd                            0x08000b69   Thumb Code     8  stm32f10x_rcc.o(.text)
    RCC_GetClocksFreq                        0x08000b71   Thumb Code   132  stm32f10x_rcc.o(.text)
    RCC_AHBPeriphClockCmd                    0x08000bf5   Thumb Code    18  stm32f10x_rcc.o(.text)
    RCC_APB2PeriphClockCmd                   0x08000c07   Thumb Code    18  stm32f10x_rcc.o(.text)
    RCC_APB1PeriphClockCmd                   0x08000c19   Thumb Code    18  stm32f10x_rcc.o(.text)
    RCC_APB2PeriphResetCmd                   0x08000c2b   Thumb Code    18  stm32f10x_rcc.o(.text)
    RCC_APB1PeriphResetCmd                   0x08000c3d   Thumb Code    18  stm32f10x_rcc.o(.text)
    RCC_BackupResetCmd                       0x08000c4f   Thumb Code     8  stm32f10x_rcc.o(.text)
    RCC_ClockSecuritySystemCmd               0x08000c57   Thumb Code     6  stm32f10x_rcc.o(.text)
    RCC_MCOConfig                            0x08000c5d   Thumb Code     6  stm32f10x_rcc.o(.text)
    RCC_ClearFlag                            0x08000c63   Thumb Code    12  stm32f10x_rcc.o(.text)
    RCC_GetITStatus                          0x08000c6f   Thumb Code    16  stm32f10x_rcc.o(.text)
    RCC_ClearITPendingBit                    0x08000c7f   Thumb Code     6  stm32f10x_rcc.o(.text)
    TIM_DeInit                               0x08000ca5   Thumb Code   304  stm32f10x_tim.o(.text)
    TIM_TimeBaseInit                         0x08000dd5   Thumb Code   114  stm32f10x_tim.o(.text)
    TIM_OC1Init                              0x08000e47   Thumb Code   106  stm32f10x_tim.o(.text)
    TIM_OC2Init                              0x08000eb1   Thumb Code   120  stm32f10x_tim.o(.text)
    TIM_OC3Init                              0x08000f29   Thumb Code   116  stm32f10x_tim.o(.text)
    TIM_OC4Init                              0x08000f9d   Thumb Code    90  stm32f10x_tim.o(.text)
    TIM_SetIC4Prescaler                      0x08000ff7   Thumb Code    24  stm32f10x_tim.o(.text)
    TIM_SetIC3Prescaler                      0x0800100f   Thumb Code    16  stm32f10x_tim.o(.text)
    TIM_SetIC2Prescaler                      0x0800101f   Thumb Code    24  stm32f10x_tim.o(.text)
    TIM_SetIC1Prescaler                      0x080010dd   Thumb Code    16  stm32f10x_tim.o(.text)
    TIM_ICInit                               0x08001145   Thumb Code   270  stm32f10x_tim.o(.text)
    TIM_PWMIConfig                           0x08001253   Thumb Code   104  stm32f10x_tim.o(.text)
    TIM_BDTRConfig                           0x080012bb   Thumb Code    34  stm32f10x_tim.o(.text)
    TIM_TimeBaseStructInit                   0x080012dd   Thumb Code    18  stm32f10x_tim.o(.text)
    TIM_OCStructInit                         0x080012ef   Thumb Code    20  stm32f10x_tim.o(.text)
    TIM_ICStructInit                         0x08001303   Thumb Code    16  stm32f10x_tim.o(.text)
    TIM_BDTRStructInit                       0x08001313   Thumb Code    18  stm32f10x_tim.o(.text)
    TIM_Cmd                                  0x08001325   Thumb Code    20  stm32f10x_tim.o(.text)
    TIM_CtrlPWMOutputs                       0x08001339   Thumb Code    22  stm32f10x_tim.o(.text)
    TIM_ITConfig                             0x0800134f   Thumb Code    16  stm32f10x_tim.o(.text)
    TIM_GenerateEvent                        0x0800135f   Thumb Code     4  stm32f10x_tim.o(.text)
    TIM_DMAConfig                            0x08001363   Thumb Code     8  stm32f10x_tim.o(.text)
    TIM_DMACmd                               0x0800136b   Thumb Code    16  stm32f10x_tim.o(.text)
    TIM_InternalClockConfig                  0x0800137b   Thumb Code    10  stm32f10x_tim.o(.text)
    TIM_SelectInputTrigger                   0x08001385   Thumb Code    12  stm32f10x_tim.o(.text)
    TIM_ITRxExternalClockConfig              0x08001391   Thumb Code    18  stm32f10x_tim.o(.text)
    TIM_TIxExternalClockConfig               0x080013a3   Thumb Code    46  stm32f10x_tim.o(.text)
    TIM_ETRConfig                            0x080013d1   Thumb Code    24  stm32f10x_tim.o(.text)
    TIM_ETRClockMode1Config                  0x080013e9   Thumb Code    18  stm32f10x_tim.o(.text)
    TIM_ETRClockMode2Config                  0x080013fb   Thumb Code    18  stm32f10x_tim.o(.text)
    TIM_PrescalerConfig                      0x0800140d   Thumb Code     6  stm32f10x_tim.o(.text)
    TIM_CounterModeConfig                    0x08001413   Thumb Code    12  stm32f10x_tim.o(.text)
    TIM_EncoderInterfaceConfig               0x0800141f   Thumb Code    50  stm32f10x_tim.o(.text)
    TIM_ForcedOC1Config                      0x08001451   Thumb Code    12  stm32f10x_tim.o(.text)
    TIM_ForcedOC2Config                      0x0800145d   Thumb Code    20  stm32f10x_tim.o(.text)
    TIM_ForcedOC3Config                      0x08001471   Thumb Code    12  stm32f10x_tim.o(.text)
    TIM_ForcedOC4Config                      0x0800147d   Thumb Code    20  stm32f10x_tim.o(.text)
    TIM_ARRPreloadConfig                     0x08001491   Thumb Code    20  stm32f10x_tim.o(.text)
    TIM_SelectCOM                            0x080014a5   Thumb Code    20  stm32f10x_tim.o(.text)
    TIM_SelectCCDMA                          0x080014b9   Thumb Code    20  stm32f10x_tim.o(.text)
    TIM_CCPreloadControl                     0x080014cd   Thumb Code    20  stm32f10x_tim.o(.text)
    TIM_OC1PreloadConfig                     0x080014e1   Thumb Code    32  stm32f10x_tim.o(.text)
    TIM_OC2PreloadConfig                     0x08001501   Thumb Code    20  stm32f10x_tim.o(.text)
    TIM_OC3PreloadConfig                     0x08001515   Thumb Code    12  stm32f10x_tim.o(.text)
    TIM_OC4PreloadConfig                     0x08001521   Thumb Code    20  stm32f10x_tim.o(.text)
    TIM_OC1FastConfig                        0x08001535   Thumb Code    12  stm32f10x_tim.o(.text)
    TIM_OC2FastConfig                        0x08001541   Thumb Code    20  stm32f10x_tim.o(.text)
    TIM_OC3FastConfig                        0x08001555   Thumb Code    12  stm32f10x_tim.o(.text)
    TIM_OC4FastConfig                        0x08001561   Thumb Code    20  stm32f10x_tim.o(.text)
    TIM_ClearOC1Ref                          0x08001575   Thumb Code    12  stm32f10x_tim.o(.text)
    TIM_ClearOC2Ref                          0x08001581   Thumb Code    20  stm32f10x_tim.o(.text)
    TIM_ClearOC3Ref                          0x08001595   Thumb Code    12  stm32f10x_tim.o(.text)
    TIM_ClearOC4Ref                          0x080015a1   Thumb Code    20  stm32f10x_tim.o(.text)
    TIM_OC1PolarityConfig                    0x080015b5   Thumb Code    12  stm32f10x_tim.o(.text)
    TIM_OC1NPolarityConfig                   0x080015c1   Thumb Code    12  stm32f10x_tim.o(.text)
    TIM_OC2PolarityConfig                    0x080015cd   Thumb Code    20  stm32f10x_tim.o(.text)
    TIM_OC2NPolarityConfig                   0x080015e1   Thumb Code    20  stm32f10x_tim.o(.text)
    TIM_OC3PolarityConfig                    0x080015f5   Thumb Code    20  stm32f10x_tim.o(.text)
    TIM_OC3NPolarityConfig                   0x08001609   Thumb Code    20  stm32f10x_tim.o(.text)
    TIM_OC4PolarityConfig                    0x0800161d   Thumb Code    20  stm32f10x_tim.o(.text)
    TIM_CCxCmd                               0x08001631   Thumb Code    22  stm32f10x_tim.o(.text)
    TIM_CCxNCmd                              0x08001647   Thumb Code    22  stm32f10x_tim.o(.text)
    TIM_SelectOCxM                           0x0800165d   Thumb Code    70  stm32f10x_tim.o(.text)
    TIM_UpdateDisableConfig                  0x080016a3   Thumb Code    20  stm32f10x_tim.o(.text)
    TIM_UpdateRequestConfig                  0x080016b7   Thumb Code    20  stm32f10x_tim.o(.text)
    TIM_SelectHallSensor                     0x080016cb   Thumb Code    20  stm32f10x_tim.o(.text)
    TIM_SelectOnePulseMode                   0x080016df   Thumb Code    16  stm32f10x_tim.o(.text)
    TIM_SelectOutputTrigger                  0x080016ef   Thumb Code    16  stm32f10x_tim.o(.text)
    TIM_SelectSlaveMode                      0x080016ff   Thumb Code    16  stm32f10x_tim.o(.text)
    TIM_SelectMasterSlaveMode                0x0800170f   Thumb Code    16  stm32f10x_tim.o(.text)
    TIM_SetCounter                           0x0800171f   Thumb Code     4  stm32f10x_tim.o(.text)
    TIM_SetAutoreload                        0x08001723   Thumb Code     4  stm32f10x_tim.o(.text)
    TIM_SetCompare1                          0x08001727   Thumb Code     4  stm32f10x_tim.o(.text)
    TIM_SetCompare2                          0x0800172b   Thumb Code     4  stm32f10x_tim.o(.text)
    TIM_SetCompare3                          0x0800172f   Thumb Code     4  stm32f10x_tim.o(.text)
    TIM_SetCompare4                          0x08001733   Thumb Code     6  stm32f10x_tim.o(.text)
    TIM_SetClockDivision                     0x08001739   Thumb Code    16  stm32f10x_tim.o(.text)
    TIM_GetCapture1                          0x08001749   Thumb Code     4  stm32f10x_tim.o(.text)
    TIM_GetCapture2                          0x0800174d   Thumb Code     4  stm32f10x_tim.o(.text)
    TIM_GetCapture3                          0x08001751   Thumb Code     4  stm32f10x_tim.o(.text)
    TIM_GetCapture4                          0x08001755   Thumb Code     6  stm32f10x_tim.o(.text)
    TIM_GetCounter                           0x0800175b   Thumb Code     4  stm32f10x_tim.o(.text)
    TIM_GetPrescaler                         0x0800175f   Thumb Code     4  stm32f10x_tim.o(.text)
    TIM_GetFlagStatus                        0x08001763   Thumb Code    14  stm32f10x_tim.o(.text)
    TIM_ClearFlag                            0x08001771   Thumb Code     6  stm32f10x_tim.o(.text)
    TIM_GetITStatus                          0x08001777   Thumb Code    24  stm32f10x_tim.o(.text)
    TIM_ClearITPendingBit                    0x0800178f   Thumb Code     6  stm32f10x_tim.o(.text)
    USART_DeInit                             0x08001795   Thumb Code    96  stm32f10x_usart.o(.text)
    USART_Init                               0x080017f5   Thumb Code   166  stm32f10x_usart.o(.text)
    USART_StructInit                         0x0800189b   Thumb Code    22  stm32f10x_usart.o(.text)
    USART_ClockInit                          0x080018b1   Thumb Code    30  stm32f10x_usart.o(.text)
    USART_ClockStructInit                    0x080018cf   Thumb Code    12  stm32f10x_usart.o(.text)
    USART_Cmd                                0x080018db   Thumb Code    20  stm32f10x_usart.o(.text)
    USART_ITConfig                           0x080018ef   Thumb Code    48  stm32f10x_usart.o(.text)
    USART_DMACmd                             0x0800191f   Thumb Code    16  stm32f10x_usart.o(.text)
    USART_SetAddress                         0x0800192f   Thumb Code    16  stm32f10x_usart.o(.text)
    USART_WakeUpConfig                       0x0800193f   Thumb Code    16  stm32f10x_usart.o(.text)
    USART_ReceiverWakeUpCmd                  0x0800194f   Thumb Code    20  stm32f10x_usart.o(.text)
    USART_LINBreakDetectLengthConfig         0x08001963   Thumb Code    16  stm32f10x_usart.o(.text)
    USART_LINCmd                             0x08001973   Thumb Code    20  stm32f10x_usart.o(.text)
    USART_SendData                           0x08001987   Thumb Code     8  stm32f10x_usart.o(.text)
    USART_ReceiveData                        0x0800198f   Thumb Code     8  stm32f10x_usart.o(.text)
    USART_SendBreak                          0x08001997   Thumb Code    10  stm32f10x_usart.o(.text)
    USART_SetGuardTime                       0x080019a1   Thumb Code    16  stm32f10x_usart.o(.text)
    USART_SetPrescaler                       0x080019b1   Thumb Code    16  stm32f10x_usart.o(.text)
    USART_SmartCardCmd                       0x080019c1   Thumb Code    20  stm32f10x_usart.o(.text)
    USART_SmartCardNACKCmd                   0x080019d5   Thumb Code    20  stm32f10x_usart.o(.text)
    USART_HalfDuplexCmd                      0x080019e9   Thumb Code    20  stm32f10x_usart.o(.text)
    USART_OverSampling8Cmd                   0x080019fd   Thumb Code    20  stm32f10x_usart.o(.text)
    USART_OneBitMethodCmd                    0x08001a11   Thumb Code    20  stm32f10x_usart.o(.text)
    USART_IrDAConfig                         0x08001a25   Thumb Code    16  stm32f10x_usart.o(.text)
    USART_IrDACmd                            0x08001a35   Thumb Code    20  stm32f10x_usart.o(.text)
    USART_GetFlagStatus                      0x08001a49   Thumb Code    14  stm32f10x_usart.o(.text)
    USART_ClearFlag                          0x08001a57   Thumb Code     6  stm32f10x_usart.o(.text)
    USART_GetITStatus                        0x08001a5d   Thumb Code    62  stm32f10x_usart.o(.text)
    USART_ClearITPendingBit                  0x08001a9b   Thumb Code    12  stm32f10x_usart.o(.text)
    USART2_DisableAllInterrupts              0x08001abd   Thumb Code    50  main.o(.text)
    USART2_EnableAllInterrupts               0x08001aef   Thumb Code    50  main.o(.text)
    main                                     0x08001b21   Thumb Code   224  main.o(.text)
    NMI_Handler                              0x08001c19   Thumb Code     2  stm32f10x_it.o(.text)
    HardFault_Handler                        0x08001c1b   Thumb Code     2  stm32f10x_it.o(.text)
    MemManage_Handler                        0x08001c1d   Thumb Code     2  stm32f10x_it.o(.text)
    BusFault_Handler                         0x08001c1f   Thumb Code     2  stm32f10x_it.o(.text)
    UsageFault_Handler                       0x08001c21   Thumb Code     2  stm32f10x_it.o(.text)
    SVC_Handler                              0x08001c23   Thumb Code     2  stm32f10x_it.o(.text)
    DebugMon_Handler                         0x08001c25   Thumb Code     2  stm32f10x_it.o(.text)
    PendSV_Handler                           0x08001c27   Thumb Code     2  stm32f10x_it.o(.text)
    SysTick_Handler                          0x08001c29   Thumb Code     4  stm32f10x_it.o(.text)
    JTAG_Set                                 0x08001c2d   Thumb Code    30  bsp_beep.o(.text)
    BEEP_GPIO_Config                         0x08001c4b   Thumb Code    62  bsp_beep.o(.text)
    Buzzer_Alarm                             0x08001c89   Thumb Code    36  bsp_beep.o(.text)
    Buzzer_Alarm1                            0x08001cad   Thumb Code    36  bsp_beep.o(.text)
    Key_GPIO_Config                          0x08001ce1   Thumb Code    50  bsp_key.o(.text)
    Key_Scan                                 0x08001d13   Thumb Code    34  bsp_key.o(.text)
    User_Key_Scan                            0x08001d35   Thumb Code   178  bsp_key.o(.text)
    Get_KeyVal                               0x08001de7   Thumb Code    30  bsp_key.o(.text)
    LED_GPIO_Config                          0x08001e15   Thumb Code    70  bsp_led.o(.text)
    LED_Flash                                0x08001e5b   Thumb Code    36  bsp_led.o(.text)
    SysTick_Init                             0x08001eb3   Thumb Code    24  bsp_systick.o(.text)
    Delay_us                                 0x08001ecb   Thumb Code    28  bsp_systick.o(.text)
    TimingDelay_Decrement                    0x08001ee7   Thumb Code    26  bsp_systick.o(.text)
    SysTick_Delay_Us                         0x08001f01   Thumb Code    48  bsp_systick.o(.text)
    SysTick_Delay_Ms                         0x08001f31   Thumb Code    50  bsp_systick.o(.text)
    RunTimer_Start                           0x08001f63   Thumb Code    12  bsp_systick.o(.text)
    RunTimer_Stop                            0x08001f6f   Thumb Code     8  bsp_systick.o(.text)
    RunTimer_GetMs                           0x08001f77   Thumb Code    24  bsp_systick.o(.text)
    DEBUG_USART_Init                         0x08001fa9   Thumb Code   160  bsp_usart.o(.text)
    BLUETOOTH_USART_Init                     0x08002049   Thumb Code   158  bsp_usart.o(.text)
    ROS_USART_Init                           0x080020e7   Thumb Code   158  bsp_usart.o(.text)
    ROS1_USART_Init                          0x08002185   Thumb Code   164  bsp_usart.o(.text)
    fputc                                    0x08002229   Thumb Code    52  bsp_usart.o(.text)
    fgetc                                    0x0800225d   Thumb Code    26  bsp_usart.o(.text)
    PWM_OutPut_TIM_Init                      0x08002299   Thumb Code    22  bsp_generaltim.o(.text)
    TIMING_TIM_Init                          0x080022af   Thumb Code    98  bsp_generaltim.o(.text)
    Motor_Init                               0x08002469   Thumb Code     4  bsp_motor.o(.text)
    Set_Pwm                                  0x0800246d   Thumb Code    62  bsp_motor.o(.text)
    Stop_Pwm                                 0x080024ab   Thumb Code    22  bsp_motor.o(.text)
    SetMotor                                 0x080024c1   Thumb Code    36  bsp_motor.o(.text)
    Motor_Brake                              0x080024e5   Thumb Code    22  bsp_motor.o(.text)
    Voltage_ADC_Init                         0x08002501   Thumb Code    38  bsp_adc.o(.text)
    Get_Adc2                                 0x08002527   Thumb Code    46  bsp_adc.o(.text)
    Get_Voltage                              0x08002555   Thumb Code    38  bsp_adc.o(.text)
    OLED_WR_Byte                             0x08002611   Thumb Code    64  bsp_oled.o(.text)
    OLED_Refresh_Gram                        0x08002651   Thumb Code    66  bsp_oled.o(.text)
    OLED_Display_On                          0x08002693   Thumb Code    28  bsp_oled.o(.text)
    OLED_Display_Off                         0x080026af   Thumb Code    28  bsp_oled.o(.text)
    OLED_Clear                               0x080026cb   Thumb Code    36  bsp_oled.o(.text)
    OLED_DrawPoint                           0x080026ef   Thumb Code    54  bsp_oled.o(.text)
    OLED_ShowChar                            0x08002725   Thumb Code   130  bsp_oled.o(.text)
    oled_pow                                 0x080027a7   Thumb Code    16  bsp_oled.o(.text)
    OLED_ShowNumber                          0x080027b7   Thumb Code   118  bsp_oled.o(.text)
    OLED_ShowString                          0x0800282d   Thumb Code    62  bsp_oled.o(.text)
    OLED_Init                                0x0800286b   Thumb Code   352  bsp_oled.o(.text)
    OLED_Refresh_GRAM_Line                   0x080029cb   Thumb Code    70  bsp_oled.o(.text)
    Encoder_GPIO_Config                      0x08002a11   Thumb Code    48  encoder.o(.text)
    Encoder_NVIC_Config                      0x08002a41   Thumb Code    56  encoder.o(.text)
    Encoder_TIM_Mode_Config                  0x08002a79   Thumb Code   186  encoder.o(.text)
    Encoder_Init                             0x08002b33   Thumb Code    16  encoder.o(.text)
    Read_Encoder                             0x08002b43   Thumb Code    56  encoder.o(.text)
    TIM4_IRQHandler                          0x08002b7b   Thumb Code    24  encoder.o(.text)
    TIM8_UP_IRQHandler                       0x08002b93   Thumb Code    24  encoder.o(.text)
    Float2Byte                               0x08002bc1   Thumb Code    20  datascope_dp.o(.text)
    DataScope_Get_Channel_Data               0x08002bd5   Thumb Code    78  datascope_dp.o(.text)
    DataScope_Data_Generate                  0x08002c23   Thumb Code   124  datascope_dp.o(.text)
    Check_Sum                                0x08002ca5   Thumb Code    52  usartx.o(.text)
    data_transition                          0x08002cd9   Thumb Code   238  usartx.o(.text)
    usart3_send                              0x08002dc7   Thumb Code    14  usartx.o(.text)
    USART3_SEND                              0x08002dd5   Thumb Code    22  usartx.o(.text)
    USART1_SEND                              0x08002deb   Thumb Code     2  usartx.o(.text)
    XYZ_Target_Speed_transition              0x08002ded   Thumb Code    28  usartx.o(.text)
    USART1_IRQHandler                        0x08002e09   Thumb Code   140  usartx.o(.text)
    UART4_IRQHandler                         0x08002e95   Thumb Code    66  usartx.o(.text)
    USART2_IRQHandler                        0x08002ed7   Thumb Code   122  usartx.o(.text)
    usart1_send                              0x08002f51   Thumb Code    16  usartx.o(.text)
    float_abs                                0x08002f61   Thumb Code    12  usartx.o(.text)
    Reset_All_Control                        0x08002fd5   Thumb Code    22  control.o(.text)
    Heading_Hold_Run                         0x08002feb   Thumb Code   170  control.o(.text)
    Heading_Hold_Run1                        0x08003095   Thumb Code   170  control.o(.text)
    Heading_Hold_Run2                        0x0800313f   Thumb Code   170  control.o(.text)
    Heading_Hold_Run3                        0x080031e9   Thumb Code   170  control.o(.text)
    Line_Follow_PID                          0x08003293   Thumb Code   116  control.o(.text)
    get_rotate_done                          0x08003307   Thumb Code     6  control.o(.text)
    set_rotate_done                          0x0800330d   Thumb Code     8  control.o(.text)
    Rotate_Fixed_Angle6                      0x08003315   Thumb Code   270  control.o(.text)
    Rotate_Fixed_Angle1                      0x08003423   Thumb Code   226  control.o(.text)
    Rotate_Fixed_Angle2                      0x08003505   Thumb Code   226  control.o(.text)
    Rotate_Fixed_Angle3                      0x080035e7   Thumb Code   226  control.o(.text)
    Calculate_Distance_5ms                   0x080036c9   Thumb Code    86  control.o(.text)
    Bluetooth_Control                        0x0800371f   Thumb Code   120  control.o(.text)
    Get_Velocity_From_Encoder                0x08003797   Thumb Code   104  control.o(.text)
    TIM5_IRQHandler                          0x080037ff   Thumb Code   246  control.o(.text)
    target_limit_float                       0x080038f5   Thumb Code    36  control.o(.text)
    Get_Target_Encoder                       0x08003919   Thumb Code   122  control.o(.text)
    PWM_Limit                                0x08003993   Thumb Code    32  control.o(.text)
    Mean_Filter_Right                        0x080039b3   Thumb Code    70  control.o(.text)
    Mean_Filter_Left                         0x080039f9   Thumb Code    70  control.o(.text)
    Get_Motor_PWM                            0x08003a3f   Thumb Code    84  control.o(.text)
    target_limit_int                         0x08003a93   Thumb Code    16  control.o(.text)
    Turn_Off                                 0x08003aa3   Thumb Code    50  control.o(.text)
    Car_Perimeter_Init                       0x08003ad5   Thumb Code    14  control.o(.text)
    Get_Angle                                0x08003ae3   Thumb Code   572  control.o(.text)
    CountSensor_Init                         0x08003d1f   Thumb Code    80  control.o(.text)
    Read_All_Sensors                         0x08003d6f   Thumb Code   112  control.o(.text)
    GraySensor_TrackSimple                   0x08003ddf   Thumb Code   846  control.o(.text)
    get_needturn                             0x0800412d   Thumb Code     6  control.o(.text)
    CountSensor_Get                          0x08004133   Thumb Code     6  control.o(.text)
    EXTI15_10_IRQHandler                     0x08004139   Thumb Code    34  control.o(.text)
    Show                                     0x08004161   Thumb Code   380  show.o(.text)
    APP_Show                                 0x080042dd   Thumb Code   160  show.o(.text)
    DataScope                                0x0800437d   Thumb Code    82  show.o(.text)
    myabs                                    0x080043cf   Thumb Code    10  show.o(.text)
    USART3_IRQHandler                        0x08004469   Thumb Code   448  bluetooth.o(.text)
    Incremental_PI_Left                      0x0800466d   Thumb Code    58  pid.o(.text)
    Incremental_PI_Right                     0x080046a7   Thumb Code    58  pid.o(.text)
    CCD_PID                                  0x080046e1   Thumb Code   114  pid.o(.text)
    mpu_reg_dump                             0x080047b9   Thumb Code    58  inv_mpu.o(.text)
    mpu_read_reg                             0x080047f3   Thumb Code    52  inv_mpu.o(.text)
    mpu_set_int_latched                      0x08004827   Thumb Code    94  inv_mpu.o(.text)
    mpu_set_sensors                          0x08004885   Thumb Code   178  inv_mpu.o(.text)
    mpu_set_bypass                           0x08004937   Thumb Code   212  inv_mpu.o(.text)
    mpu_reset_fifo                           0x08004a0b   Thumb Code   334  inv_mpu.o(.text)
    mpu_configure_fifo                       0x08004b59   Thumb Code    84  inv_mpu.o(.text)
    mpu_set_lpf                              0x08004bad   Thumb Code   102  inv_mpu.o(.text)
    mpu_lp_accel_mode                        0x08004c13   Thumb Code   178  inv_mpu.o(.text)
    mpu_set_sample_rate                      0x08004cc5   Thumb Code   116  inv_mpu.o(.text)
    mpu_set_accel_fsr                        0x08004d39   Thumb Code    98  inv_mpu.o(.text)
    mpu_set_gyro_fsr                         0x08004d9b   Thumb Code   104  inv_mpu.o(.text)
    mpu_init                                 0x08004e03   Thumb Code   310  inv_mpu.o(.text)
    myget_ms                                 0x08004f39   Thumb Code     2  inv_mpu.o(.text)
    mpu_get_gyro_reg                         0x08004f3b   Thumb Code   152  inv_mpu.o(.text)
    mpu_get_accel_reg                        0x08004fd3   Thumb Code    66  inv_mpu.o(.text)
    mpu_get_temperature                      0x08005015   Thumb Code   104  inv_mpu.o(.text)
    mpu_set_accel_bias                       0x0800507d   Thumb Code   214  inv_mpu.o(.text)
    mpu_get_gyro_fsr                         0x08005153   Thumb Code    48  inv_mpu.o(.text)
    mpu_get_accel_fsr                        0x08005183   Thumb Code    54  inv_mpu.o(.text)
    mpu_get_lpf                              0x080051b9   Thumb Code    52  inv_mpu.o(.text)
    mpu_get_sample_rate                      0x080051ed   Thumb Code    22  inv_mpu.o(.text)
    mpu_get_compass_sample_rate              0x08005203   Thumb Code     8  inv_mpu.o(.text)
    mpu_set_compass_sample_rate              0x0800520b   Thumb Code     6  inv_mpu.o(.text)
    mpu_get_gyro_sens                        0x08005211   Thumb Code    44  inv_mpu.o(.text)
    mpu_get_accel_sens                       0x0800523d   Thumb Code    62  inv_mpu.o(.text)
    mpu_get_fifo_config                      0x0800527b   Thumb Code    10  inv_mpu.o(.text)
    mpu_get_power_state                      0x08005285   Thumb Code    14  inv_mpu.o(.text)
    mpu_get_int_status                       0x08005293   Thumb Code    48  inv_mpu.o(.text)
    mpu_read_fifo                            0x080052c3   Thumb Code   362  inv_mpu.o(.text)
    mpu_read_fifo_stream                     0x0800542d   Thumb Code   138  inv_mpu.o(.text)
    mpu_set_int_level                        0x080054b7   Thumb Code    10  inv_mpu.o(.text)
    mpu_set_dmp_state                        0x080057cf   Thumb Code   120  inv_mpu.o(.text)
    mpu_run_self_test                        0x08005847   Thumb Code   234  inv_mpu.o(.text)
    mpu_write_mem                            0x08005931   Thumb Code    80  inv_mpu.o(.text)
    mpu_read_mem                             0x08005981   Thumb Code    80  inv_mpu.o(.text)
    mpu_load_firmware                        0x080059d1   Thumb Code   158  inv_mpu.o(.text)
    mpu_get_dmp_state                        0x08005a6f   Thumb Code    12  inv_mpu.o(.text)
    mpu_get_compass_reg                      0x08005a7b   Thumb Code     6  inv_mpu.o(.text)
    mpu_get_compass_fsr                      0x08005a81   Thumb Code     6  inv_mpu.o(.text)
    mpu_lp_motion_interrupt                  0x08005a87   Thumb Code   434  inv_mpu.o(.text)
    dmp_load_motion_driver_firmware          0x08005e29   Thumb Code    16  inv_mpu_dmp_motion_driver.o(.text)
    dmp_set_orientation                      0x08005e39   Thumb Code   246  inv_mpu_dmp_motion_driver.o(.text)
    dmp_set_gyro_bias                        0x08005f2f   Thumb Code   196  inv_mpu_dmp_motion_driver.o(.text)
    dmp_set_accel_bias                       0x08005ff3   Thumb Code   206  inv_mpu_dmp_motion_driver.o(.text)
    dmp_set_fifo_rate                        0x080060c1   Thumb Code    82  inv_mpu_dmp_motion_driver.o(.text)
    dmp_get_fifo_rate                        0x08006113   Thumb Code    10  inv_mpu_dmp_motion_driver.o(.text)
    dmp_set_tap_thresh                       0x0800611d   Thumb Code   340  inv_mpu_dmp_motion_driver.o(.text)
    dmp_set_tap_axes                         0x08006271   Thumb Code    64  inv_mpu_dmp_motion_driver.o(.text)
    dmp_set_tap_count                        0x080062b1   Thumb Code    34  inv_mpu_dmp_motion_driver.o(.text)
    dmp_set_tap_time                         0x080062d3   Thumb Code    32  inv_mpu_dmp_motion_driver.o(.text)
    dmp_set_tap_time_multi                   0x080062f3   Thumb Code    32  inv_mpu_dmp_motion_driver.o(.text)
    dmp_set_shake_reject_thresh              0x08006313   Thumb Code    48  inv_mpu_dmp_motion_driver.o(.text)
    dmp_set_shake_reject_time                0x08006343   Thumb Code    32  inv_mpu_dmp_motion_driver.o(.text)
    dmp_set_shake_reject_timeout             0x08006363   Thumb Code    32  inv_mpu_dmp_motion_driver.o(.text)
    dmp_get_pedometer_step_count             0x08006383   Thumb Code    48  inv_mpu_dmp_motion_driver.o(.text)
    dmp_set_pedometer_step_count             0x080063b3   Thumb Code    38  inv_mpu_dmp_motion_driver.o(.text)
    dmp_get_pedometer_walk_time              0x080063d9   Thumb Code    54  inv_mpu_dmp_motion_driver.o(.text)
    dmp_set_pedometer_walk_time              0x0800640f   Thumb Code    44  inv_mpu_dmp_motion_driver.o(.text)
    dmp_enable_6x_lp_quat                    0x0800643b   Thumb Code    58  inv_mpu_dmp_motion_driver.o(.text)
    dmp_enable_lp_quat                       0x08006475   Thumb Code    58  inv_mpu_dmp_motion_driver.o(.text)
    dmp_enable_gyro_cal                      0x080064af   Thumb Code    32  inv_mpu_dmp_motion_driver.o(.text)
    dmp_enable_feature                       0x080064cf   Thumb Code   468  inv_mpu_dmp_motion_driver.o(.text)
    dmp_get_enabled_features                 0x080066a3   Thumb Code    10  inv_mpu_dmp_motion_driver.o(.text)
    dmp_set_interrupt_mode                   0x080066ad   Thumb Code    60  inv_mpu_dmp_motion_driver.o(.text)
    dmp_read_fifo                            0x080066e9   Thumb Code   324  inv_mpu_dmp_motion_driver.o(.text)
    dmp_register_tap_cb                      0x0800682d   Thumb Code     8  inv_mpu_dmp_motion_driver.o(.text)
    dmp_register_android_orient_cb           0x08006835   Thumb Code     8  inv_mpu_dmp_motion_driver.o(.text)
    IIC_Init                                 0x08006875   Thumb Code    40  ioi2c.o(.text)
    IIC_Start                                0x0800689d   Thumb Code    74  ioi2c.o(.text)
    IIC_Stop                                 0x080068e7   Thumb Code    58  ioi2c.o(.text)
    IIC_Wait_Ack                             0x08006921   Thumb Code    82  ioi2c.o(.text)
    IIC_Ack                                  0x08006973   Thumb Code    56  ioi2c.o(.text)
    IIC_NAck                                 0x080069ab   Thumb Code    58  ioi2c.o(.text)
    IIC_Send_Byte                            0x080069e5   Thumb Code    88  ioi2c.o(.text)
    i2cWrite                                 0x08006a3d   Thumb Code    82  ioi2c.o(.text)
    IIC_Read_Byte                            0x08006a8f   Thumb Code   102  ioi2c.o(.text)
    i2cRead                                  0x08006af5   Thumb Code   108  ioi2c.o(.text)
    I2C_ReadOneByte                          0x08006b61   Thumb Code    62  ioi2c.o(.text)
    IICreadBytes                             0x08006b9f   Thumb Code    90  ioi2c.o(.text)
    IICwriteBytes                            0x08006bf9   Thumb Code    66  ioi2c.o(.text)
    IICreadByte                              0x08006c3b   Thumb Code    14  ioi2c.o(.text)
    IICwriteByte                             0x08006c49   Thumb Code    12  ioi2c.o(.text)
    IICwriteBits                             0x08006c55   Thumb Code    94  ioi2c.o(.text)
    IICwriteBit                              0x08006cb3   Thumb Code    48  ioi2c.o(.text)
    MPU6050_newValues                        0x08006d2d   Thumb Code   256  mpu6050.o(.text)
    MPU6050_setClockSource                   0x08006e2d   Thumb Code    18  mpu6050.o(.text)
    MPU6050_setFullScaleGyroRange            0x08006e3f   Thumb Code    18  mpu6050.o(.text)
    MPU6050_setFullScaleAccelRange           0x08006e51   Thumb Code    18  mpu6050.o(.text)
    MPU6050_setSleepEnabled                  0x08006e63   Thumb Code    12  mpu6050.o(.text)
    MPU6050_getDeviceID                      0x08006e6f   Thumb Code    24  mpu6050.o(.text)
    MPU6050_testConnection                   0x08006e87   Thumb Code    18  mpu6050.o(.text)
    MPU6050_setI2CMasterModeEnabled          0x08006e99   Thumb Code    12  mpu6050.o(.text)
    MPU6050_setI2CBypassEnabled              0x08006ea5   Thumb Code    12  mpu6050.o(.text)
    MPU6050_initialize                       0x08006eb1   Thumb Code    40  mpu6050.o(.text)
    DMP_Init                                 0x08006ed9   Thumb Code   216  mpu6050.o(.text)
    Read_DMP                                 0x08006fb1   Thumb Code   772  mpu6050.o(.text)
    Read_Temperature                         0x080072b5   Thumb Code    80  mpu6050.o(.text)
    MiniBalance_EXTI_Init                    0x08007305   Thumb Code   102  mpu6050.o(.text)
    MPU6050_Init                             0x0800736b   Thumb Code    16  mpu6050.o(.text)
    Reset_Yaw                                0x0800737b   Thumb Code    14  mpu6050.o(.text)
    Kalman_Filter_x                          0x08007419   Thumb Code   330  filter.o(.text)
    Complementary_Filter_x                   0x08007563   Thumb Code    56  filter.o(.text)
    Kalman_Filter_y                          0x0800759b   Thumb Code   328  filter.o(.text)
    Complementary_Filter_y                   0x080076e3   Thumb Code    54  filter.o(.text)
    __aeabi_ldivmod                          0x08007731   Thumb Code    98  ldiv.o(.text)
    __aeabi_memset                           0x08007793   Thumb Code    14  memseta.o(.text)
    __aeabi_memset4                          0x08007793   Thumb Code     0  memseta.o(.text)
    __aeabi_memset8                          0x08007793   Thumb Code     0  memseta.o(.text)
    __aeabi_memclr                           0x080077a1   Thumb Code     4  memseta.o(.text)
    __aeabi_memclr4                          0x080077a1   Thumb Code     0  memseta.o(.text)
    __aeabi_memclr8                          0x080077a1   Thumb Code     0  memseta.o(.text)
    _memset$wrapper                          0x080077a5   Thumb Code    18  memseta.o(.text)
    memcmp                                   0x080077b7   Thumb Code    26  memcmp.o(.text)
    __aeabi_fadd                             0x080077d1   Thumb Code   164  fadd.o(.text)
    __aeabi_fsub                             0x08007875   Thumb Code     6  fadd.o(.text)
    __aeabi_frsub                            0x0800787b   Thumb Code     6  fadd.o(.text)
    __aeabi_fmul                             0x08007881   Thumb Code   100  fmul.o(.text)
    __aeabi_fdiv                             0x080078e5   Thumb Code   124  fdiv.o(.text)
    __ARM_scalbnf                            0x08007961   Thumb Code    24  fscalb.o(.text)
    scalbnf                                  0x08007961   Thumb Code     0  fscalb.o(.text)
    __aeabi_dadd                             0x08007979   Thumb Code   322  dadd.o(.text)
    __aeabi_dsub                             0x08007abb   Thumb Code     6  dadd.o(.text)
    __aeabi_drsub                            0x08007ac1   Thumb Code     6  dadd.o(.text)
    __aeabi_dmul                             0x08007ac7   Thumb Code   228  dmul.o(.text)
    __aeabi_ddiv                             0x08007bab   Thumb Code   222  ddiv.o(.text)
    __ARM_scalbn                             0x08007c89   Thumb Code    46  dscalb.o(.text)
    scalbn                                   0x08007c89   Thumb Code     0  dscalb.o(.text)
    __aeabi_i2f                              0x08007cb7   Thumb Code    18  fflti.o(.text)
    __aeabi_ui2f                             0x08007cc9   Thumb Code    10  ffltui.o(.text)
    __aeabi_i2d                              0x08007cd3   Thumb Code    34  dflti.o(.text)
    __aeabi_f2iz                             0x08007cf5   Thumb Code    50  ffixi.o(.text)
    __aeabi_f2uiz                            0x08007d27   Thumb Code    40  ffixui.o(.text)
    __aeabi_d2iz                             0x08007d4f   Thumb Code    62  dfixi.o(.text)
    __aeabi_f2d                              0x08007d8d   Thumb Code    38  f2d.o(.text)
    __aeabi_d2f                              0x08007db3   Thumb Code    56  d2f.o(.text)
    __aeabi_cfcmpeq                          0x08007ded   Thumb Code     0  cfcmple.o(.text)
    __aeabi_cfcmple                          0x08007ded   Thumb Code    20  cfcmple.o(.text)
    __aeabi_cfrcmple                         0x08007e01   Thumb Code    20  cfrcmple.o(.text)
    __aeabi_uidiv                            0x08007e15   Thumb Code     0  uidiv.o(.text)
    __aeabi_uidivmod                         0x08007e15   Thumb Code    44  uidiv.o(.text)
    __aeabi_uldivmod                         0x08007e41   Thumb Code    98  uldiv.o(.text)
    __aeabi_llsl                             0x08007ea3   Thumb Code    30  llshl.o(.text)
    _ll_shift_l                              0x08007ea3   Thumb Code     0  llshl.o(.text)
    __aeabi_llsr                             0x08007ec1   Thumb Code    32  llushr.o(.text)
    _ll_ushift_r                             0x08007ec1   Thumb Code     0  llushr.o(.text)
    __aeabi_lasr                             0x08007ee1   Thumb Code    36  llsshr.o(.text)
    _ll_sshift_r                             0x08007ee1   Thumb Code     0  llsshr.o(.text)
    __I$use$fp                               0x08007f05   Thumb Code     0  iusefp.o(.text)
    _float_round                             0x08007f05   Thumb Code    18  fepilogue.o(.text)
    _float_epilogue                          0x08007f17   Thumb Code    92  fepilogue.o(.text)
    _double_round                            0x08007f73   Thumb Code    30  depilogue.o(.text)
    _double_epilogue                         0x08007f91   Thumb Code   156  depilogue.o(.text)
    __aeabi_cdrcmple                         0x0800802d   Thumb Code    48  cdrcmple.o(.text)
    __scatterload                            0x0800805d   Thumb Code    28  init.o(.text)
    __scatterload_rt2                        0x0800805d   Thumb Code     0  init.o(.text)
    _dsqrt                                   0x08008081   Thumb Code   162  dsqrt.o(.text)
    __decompress                             0x08008123   Thumb Code     0  __dczerorl2.o(.text)
    __decompress1                            0x08008123   Thumb Code    86  __dczerorl2.o(.text)
    __0printf$1                              0x08008179   Thumb Code    22  printf1.o(i.__0printf$1)
    __1printf$1                              0x08008179   Thumb Code     0  printf1.o(i.__0printf$1)
    __2printf                                0x08008179   Thumb Code     0  printf1.o(i.__0printf$1)
    __ARM_fpclassify                         0x08008199   Thumb Code    40  fpclassify.o(i.__ARM_fpclassify)
    __kernel_poly                            0x080081c1   Thumb Code   170  poly.o(i.__kernel_poly)
    __mathlib_dbl_divzero                    0x0800826d   Thumb Code    12  dunder.o(i.__mathlib_dbl_divzero)
    __mathlib_dbl_infnan                     0x0800827d   Thumb Code     6  dunder.o(i.__mathlib_dbl_infnan)
    __mathlib_dbl_infnan2                    0x08008283   Thumb Code     4  dunder.o(i.__mathlib_dbl_infnan2)
    __mathlib_dbl_invalid                    0x08008287   Thumb Code    12  dunder.o(i.__mathlib_dbl_invalid)
    __mathlib_dbl_overflow                   0x08008293   Thumb Code    14  dunder.o(i.__mathlib_dbl_overflow)
    __mathlib_dbl_underflow                  0x080082a1   Thumb Code    10  dunder.o(i.__mathlib_dbl_underflow)
    __scatterload_copy                       0x080082b1   Thumb Code    14  handlers.o(i.__scatterload_copy)
    __scatterload_null                       0x080082bf   Thumb Code     2  handlers.o(i.__scatterload_null)
    __scatterload_zeroinit                   0x080082c1   Thumb Code    14  handlers.o(i.__scatterload_zeroinit)
    __set_errno                              0x080082d1   Thumb Code     6  errno.o(i.__set_errno)
    asin                                     0x08008431   Thumb Code   572  asin.o(i.asin)
    atan                                     0x080086a1   Thumb Code   474  atan.o(i.atan)
    atan2                                    0x080088c1   Thumb Code   346  atan2.o(i.atan2)
    pow                                      0x08008a41   Thumb Code  2512  pow.o(i.pow)
    sqrt                                     0x08009419   Thumb Code    76  sqrt.o(i.sqrt)
    hw                                       0x08009ec8   Data          12  inv_mpu.o(.constdata)
    reg                                      0x08009ed4   Data          27  inv_mpu.o(.constdata)
    test                                     0x08009ef0   Data          40  inv_mpu.o(.constdata)
    __mathlib_zero                           0x0800ac80   Data           8  qnan.o(.constdata)
    Region$$Table$$Base                      0x0800acd8   Number         0  anon$$obj.o(Region$$Table)
    Region$$Table$$Limit                     0x0800acf8   Number         0  anon$$obj.o(Region$$Table)
    SystemCoreClock                          0x20000000   Data           4  system_stm32f10x.o(.data)
    AHBPrescTable                            0x20000004   Data          16  system_stm32f10x.o(.data)
    PS2_ON_Flag                              0x20000028   Data           1  main.o(.data)
    APP_ON_Flag                              0x20000029   Data           1  main.o(.data)
    ROS_ON_Flag                              0x2000002a   Data           1  main.o(.data)
    Flag_Show                                0x2000002c   Data           1  main.o(.data)
    delay_50                                 0x2000002d   Data           1  main.o(.data)
    delay_flag                               0x2000002e   Data           1  main.o(.data)
    Voltage                                  0x20000030   Data           2  main.o(.data)
    racing_state1                            0x20000032   Data           1  main.o(.data)
    Flag_Stop                                0x20000033   Data           1  main.o(.data)
    Remote_ON_Flag                           0x20000034   Data           1  main.o(.data)
    Perimeter                                0x20000038   Data           4  main.o(.data)
    Wheelspacing                             0x2000003c   Data           4  main.o(.data)
    run_timer_enable                         0x20000050   Data           1  bsp_systick.o(.data)
    run_time_ms                              0x20000054   Data           4  bsp_systick.o(.data)
    Serial_RxPacket                          0x20000060   Data           1  usartx.o(.data)
    Serial_RxPacket1                         0x20000061   Data           1  usartx.o(.data)
    Serial_RxFlag1                           0x20000062   Data           1  usartx.o(.data)
    Serial_RxFlag2                           0x20000063   Data           1  usartx.o(.data)
    rotate_done                              0x20000069   Data           1  control.o(.data)
    rotate_done1                             0x2000006a   Data           1  control.o(.data)
    rotate_done2                             0x2000006b   Data           1  control.o(.data)
    rotate_done3                             0x2000006c   Data           1  control.o(.data)
    blackline_trigger                        0x2000006d   Data           1  control.o(.data)
    count_times                              0x2000006e   Data           1  control.o(.data)
    Accel_Y                                  0x20000078   Data           2  control.o(.data)
    Accel_Z                                  0x2000007a   Data           2  control.o(.data)
    Accel_X                                  0x2000007c   Data           2  control.o(.data)
    Accel_Angle_x                            0x2000007e   Data           2  control.o(.data)
    Accel_Angle_y                            0x20000080   Data           2  control.o(.data)
    Gyro_X                                   0x20000082   Data           2  control.o(.data)
    Gyro_Z                                   0x20000084   Data           2  control.o(.data)
    Gyro_Y                                   0x20000086   Data           2  control.o(.data)
    Move_X                                   0x20000088   Data           4  control.o(.data)
    Move_Z                                   0x2000008c   Data           4  control.o(.data)
    total_distance                           0x20000090   Data           4  control.o(.data)
    segment_distance                         0x20000094   Data           4  control.o(.data)
    current_speed                            0x20000098   Data           4  control.o(.data)
    timeren                                  0x2000009c   Data           4  control.o(.data)
    line_last_error                          0x200000a0   Data           4  control.o(.data)
    line_integral                            0x200000a4   Data           4  control.o(.data)
    target_rotate_angle                      0x200000a8   Data           4  control.o(.data)
    target_rotate_angle1                     0x200000ac   Data           4  control.o(.data)
    target_rotate_angle2                     0x200000b0   Data           4  control.o(.data)
    target_rotate_angle3                     0x200000b4   Data           4  control.o(.data)
    RC_Velocity                              0x200000fc   Data           4  control.o(.data)
    OriginalEncoder                          0x20000100   Data           8  control.o(.data)
    stop_flag                                0x20000108   Data           1  control.o(.data)
    turn                                     0x20000109   Data           1  control.o(.data)
    RC_Turn_Velocity                         0x2000010c   Data           4  control.o(.data)
    PID_Send                                 0x20000117   Data           1  bluetooth.o(.data)
    Flag_Direction                           0x20000118   Data           1  bluetooth.o(.data)
    Velocity_KP                              0x20000128   Data           4  pid.o(.data)
    Velocity_KI                              0x2000012c   Data           4  pid.o(.data)
    CCD_KP_Diff                              0x20000130   Data           4  pid.o(.data)
    CCD_KD_Diff                              0x20000134   Data           4  pid.o(.data)
    CCD_KI_Diff                              0x20000138   Data           4  pid.o(.data)
    sensors                                  0x20000190   Data           2  mpu6050.o(.data)
    q0                                       0x20000194   Data           4  mpu6050.o(.data)
    q1                                       0x20000198   Data           4  mpu6050.o(.data)
    q2                                       0x2000019c   Data           4  mpu6050.o(.data)
    q3                                       0x200001a0   Data           4  mpu6050.o(.data)
    Roll                                     0x200001a4   Data           4  mpu6050.o(.data)
    Pitch                                    0x200001a8   Data           4  mpu6050.o(.data)
    Yaw                                      0x200001ac   Data           4  mpu6050.o(.data)
    gyro                                     0x200001b0   Data           6  mpu6050.o(.data)
    accel                                    0x200001b6   Data           6  mpu6050.o(.data)
    dt                                       0x200001c8   Data           4  filter.o(.data)
    __stdout                                 0x2000024c   Data           4  stdout.o(.data)
    OLED_GRAM                                0x20000254   Data        1024  bsp_oled.o(.bss)
    DataScope_OutPut_Buffer                  0x20000654   Data          42  datascope_dp.o(.bss)
    Send_Data                                0x20000680   Data          48  usartx.o(.bss)
    Receive_Data                             0x200006b0   Data          32  usartx.o(.bss)
    MotorA                                   0x20000720   Data          16  control.o(.bss)
    MotorB                                   0x20000730   Data          16  control.o(.bss)
    buffer                                   0x20000784   Data          14  mpu6050.o(.bss)
    MPU6050_FIFO                             0x20000792   Data         132  mpu6050.o(.bss)
    __initial_sp                             0x20000c38   Data           0  startup_stm32f10x_hd.o(STACK)



==============================================================================

Memory Map of the image

  Image Entry point : 0x08000131

  Load Region LR_IROM1 (Base: 0x08000000, Size: 0x0000af4c, Max: 0x00040000, ABSOLUTE, COMPRESSED[0x0000ad4c])

    Execution Region ER_IROM1 (Exec base: 0x08000000, Load base: 0x08000000, Size: 0x0000acf8, Max: 0x00040000, ABSOLUTE)

    Exec Addr    Load Addr    Size         Type   Attr      Idx    E Section Name        Object

    0x08000000   0x08000000   0x00000130   Data   RO            3    RESET               startup_stm32f10x_hd.o
    0x08000130   0x08000130   0x00000000   Code   RO         1080  * .ARM.Collect$$$$00000000  mc_w.l(entry.o)
    0x08000130   0x08000130   0x00000004   Code   RO         1423    .ARM.Collect$$$$00000001  mc_w.l(entry2.o)
    0x08000134   0x08000134   0x00000004   Code   RO         1426    .ARM.Collect$$$$00000004  mc_w.l(entry5.o)
    0x08000138   0x08000138   0x00000000   Code   RO         1428    .ARM.Collect$$$$00000008  mc_w.l(entry7b.o)
    0x08000138   0x08000138   0x00000000   Code   RO         1430    .ARM.Collect$$$$0000000A  mc_w.l(entry8b.o)
    0x08000138   0x08000138   0x00000008   Code   RO         1431    .ARM.Collect$$$$0000000B  mc_w.l(entry9a.o)
    0x08000140   0x08000140   0x00000000   Code   RO         1433    .ARM.Collect$$$$0000000D  mc_w.l(entry10a.o)
    0x08000140   0x08000140   0x00000000   Code   RO         1435    .ARM.Collect$$$$0000000F  mc_w.l(entry11a.o)
    0x08000140   0x08000140   0x00000004   Code   RO         1424    .ARM.Collect$$$$00002712  mc_w.l(entry2.o)
    0x08000144   0x08000144   0x00000024   Code   RO            4    .text               startup_stm32f10x_hd.o
    0x08000168   0x08000168   0x00000158   Code   RO           24    .text               system_stm32f10x.o
    0x080002c0   0x080002c0   0x000000b0   Code   RO          121    .text               misc.o
    0x08000370   0x08000370   0x00000330   Code   RO          137    .text               stm32f10x_adc.o
    0x080006a0   0x080006a0   0x000000e8   Code   RO          233    .text               stm32f10x_exti.o
    0x08000788   0x08000788   0x00000264   Code   RO          270    .text               stm32f10x_gpio.o
    0x080009ec   0x080009ec   0x000002b8   Code   RO          318    .text               stm32f10x_rcc.o
    0x08000ca4   0x08000ca4   0x00000af0   Code   RO          369    .text               stm32f10x_tim.o
    0x08001794   0x08001794   0x00000328   Code   RO          382    .text               stm32f10x_usart.o
    0x08001abc   0x08001abc   0x0000015c   Code   RO          406    .text               main.o
    0x08001c18   0x08001c18   0x00000014   Code   RO          554    .text               stm32f10x_it.o
    0x08001c2c   0x08001c2c   0x000000b4   Code   RO          569    .text               bsp_beep.o
    0x08001ce0   0x08001ce0   0x00000134   Code   RO          627    .text               bsp_key.o
    0x08001e14   0x08001e14   0x00000074   Code   RO          643    .text               bsp_led.o
    0x08001e88   0x08001e88   0x00000120   Code   RO          656    .text               bsp_systick.o
    0x08001fa8   0x08001fa8   0x000002f0   Code   RO          676    .text               bsp_usart.o
    0x08002298   0x08002298   0x000001d0   Code   RO          688    .text               bsp_generaltim.o
    0x08002468   0x08002468   0x00000098   Code   RO          700    .text               bsp_motor.o
    0x08002500   0x08002500   0x00000110   Code   RO          712    .text               bsp_adc.o
    0x08002610   0x08002610   0x00000400   Code   RO          730    .text               bsp_oled.o
    0x08002a10   0x08002a10   0x000001b0   Code   RO          753    .text               encoder.o
    0x08002bc0   0x08002bc0   0x000000e4   Code   RO          765    .text               datascope_dp.o
    0x08002ca4   0x08002ca4   0x00000330   Code   RO          784    .text               usartx.o
    0x08002fd4   0x08002fd4   0x0000118c   Code   RO          810    .text               control.o
    0x08004160   0x08004160   0x00000308   Code   RO          870    .text               show.o
    0x08004468   0x08004468   0x00000204   Code   RO          894    .text               bluetooth.o
    0x0800466c   0x0800466c   0x000000fc   Code   RO          913    .text               pid.o
    0x08004768   0x08004768   0x000016c0   Code   RO          943    .text               inv_mpu.o
    0x08005e28   0x08005e28   0x00000a4c   Code   RO          979    .text               inv_mpu_dmp_motion_driver.o
    0x08006874   0x08006874   0x0000046e   Code   RO          995    .text               ioi2c.o
    0x08006ce2   0x08006ce2   0x00000002   PAD
    0x08006ce4   0x08006ce4   0x00000734   Code   RO         1008    .text               mpu6050.o
    0x08007418   0x08007418   0x00000318   Code   RO         1036    .text               filter.o
    0x08007730   0x08007730   0x00000062   Code   RO         1083    .text               mc_w.l(ldiv.o)
    0x08007792   0x08007792   0x00000024   Code   RO         1085    .text               mc_w.l(memseta.o)
    0x080077b6   0x080077b6   0x0000001a   Code   RO         1087    .text               mc_w.l(memcmp.o)
    0x080077d0   0x080077d0   0x000000b0   Code   RO         1350    .text               mf_w.l(fadd.o)
    0x08007880   0x08007880   0x00000064   Code   RO         1352    .text               mf_w.l(fmul.o)
    0x080078e4   0x080078e4   0x0000007c   Code   RO         1354    .text               mf_w.l(fdiv.o)
    0x08007960   0x08007960   0x00000018   Code   RO         1356    .text               mf_w.l(fscalb.o)
    0x08007978   0x08007978   0x0000014e   Code   RO         1358    .text               mf_w.l(dadd.o)
    0x08007ac6   0x08007ac6   0x000000e4   Code   RO         1360    .text               mf_w.l(dmul.o)
    0x08007baa   0x08007baa   0x000000de   Code   RO         1362    .text               mf_w.l(ddiv.o)
    0x08007c88   0x08007c88   0x0000002e   Code   RO         1364    .text               mf_w.l(dscalb.o)
    0x08007cb6   0x08007cb6   0x00000012   Code   RO         1366    .text               mf_w.l(fflti.o)
    0x08007cc8   0x08007cc8   0x0000000a   Code   RO         1368    .text               mf_w.l(ffltui.o)
    0x08007cd2   0x08007cd2   0x00000022   Code   RO         1370    .text               mf_w.l(dflti.o)
    0x08007cf4   0x08007cf4   0x00000032   Code   RO         1372    .text               mf_w.l(ffixi.o)
    0x08007d26   0x08007d26   0x00000028   Code   RO         1374    .text               mf_w.l(ffixui.o)
    0x08007d4e   0x08007d4e   0x0000003e   Code   RO         1376    .text               mf_w.l(dfixi.o)
    0x08007d8c   0x08007d8c   0x00000026   Code   RO         1378    .text               mf_w.l(f2d.o)
    0x08007db2   0x08007db2   0x00000038   Code   RO         1380    .text               mf_w.l(d2f.o)
    0x08007dea   0x08007dea   0x00000002   PAD
    0x08007dec   0x08007dec   0x00000014   Code   RO         1382    .text               mf_w.l(cfcmple.o)
    0x08007e00   0x08007e00   0x00000014   Code   RO         1384    .text               mf_w.l(cfrcmple.o)
    0x08007e14   0x08007e14   0x0000002c   Code   RO         1438    .text               mc_w.l(uidiv.o)
    0x08007e40   0x08007e40   0x00000062   Code   RO         1440    .text               mc_w.l(uldiv.o)
    0x08007ea2   0x08007ea2   0x0000001e   Code   RO         1442    .text               mc_w.l(llshl.o)
    0x08007ec0   0x08007ec0   0x00000020   Code   RO         1444    .text               mc_w.l(llushr.o)
    0x08007ee0   0x08007ee0   0x00000024   Code   RO         1446    .text               mc_w.l(llsshr.o)
    0x08007f04   0x08007f04   0x00000000   Code   RO         1455    .text               mc_w.l(iusefp.o)
    0x08007f04   0x08007f04   0x0000006e   Code   RO         1456    .text               mf_w.l(fepilogue.o)
    0x08007f72   0x08007f72   0x000000ba   Code   RO         1458    .text               mf_w.l(depilogue.o)
    0x0800802c   0x0800802c   0x00000030   Code   RO         1462    .text               mf_w.l(cdrcmple.o)
    0x0800805c   0x0800805c   0x00000024   Code   RO         1464    .text               mc_w.l(init.o)
    0x08008080   0x08008080   0x000000a2   Code   RO         1466    .text               mf_w.l(dsqrt.o)
    0x08008122   0x08008122   0x00000056   Code   RO         1478    .text               mc_w.l(__dczerorl2.o)
    0x08008178   0x08008178   0x00000020   Code   RO         1134    i.__0printf$1       mc_w.l(printf1.o)
    0x08008198   0x08008198   0x00000028   Code   RO         1410    i.__ARM_fpclassify  m_ws.l(fpclassify.o)
    0x080081c0   0x080081c0   0x000000aa   Code   RO         1412    i.__kernel_poly     m_ws.l(poly.o)
    0x0800826a   0x0800826a   0x00000002   PAD
    0x0800826c   0x0800826c   0x00000010   Code   RO         1396    i.__mathlib_dbl_divzero  m_ws.l(dunder.o)
    0x0800827c   0x0800827c   0x00000006   Code   RO         1397    i.__mathlib_dbl_infnan  m_ws.l(dunder.o)
    0x08008282   0x08008282   0x00000004   Code   RO         1398    i.__mathlib_dbl_infnan2  m_ws.l(dunder.o)
    0x08008286   0x08008286   0x0000000c   Code   RO         1399    i.__mathlib_dbl_invalid  m_ws.l(dunder.o)
    0x08008292   0x08008292   0x0000000e   Code   RO         1400    i.__mathlib_dbl_overflow  m_ws.l(dunder.o)
    0x080082a0   0x080082a0   0x00000010   Code   RO         1402    i.__mathlib_dbl_underflow  m_ws.l(dunder.o)
    0x080082b0   0x080082b0   0x0000000e   Code   RO         1472    i.__scatterload_copy  mc_w.l(handlers.o)
    0x080082be   0x080082be   0x00000002   Code   RO         1473    i.__scatterload_null  mc_w.l(handlers.o)
    0x080082c0   0x080082c0   0x0000000e   Code   RO         1474    i.__scatterload_zeroinit  mc_w.l(handlers.o)
    0x080082ce   0x080082ce   0x00000002   PAD
    0x080082d0   0x080082d0   0x0000000c   Code   RO         1450    i.__set_errno       mc_w.l(errno.o)
    0x080082dc   0x080082dc   0x00000154   Code   RO         1141    i._printf_core      mc_w.l(printf1.o)
    0x08008430   0x08008430   0x00000270   Code   RO         1053    i.asin              m_ws.l(asin.o)
    0x080086a0   0x080086a0   0x00000220   Code   RO         1387    i.atan              m_ws.l(atan.o)
    0x080088c0   0x080088c0   0x00000180   Code   RO         1063    i.atan2             m_ws.l(atan2.o)
    0x08008a40   0x08008a40   0x000009d8   Code   RO         1071    i.pow               m_ws.l(pow.o)
    0x08009418   0x08009418   0x0000004c   Code   RO         1416    i.sqrt              m_ws.l(sqrt.o)
    0x08009464   0x08009464   0x00000a64   Data   RO          732    .constdata          bsp_oled.o
    0x08009ec8   0x08009ec8   0x0000000c   Data   RO          944    .constdata          inv_mpu.o
    0x08009ed4   0x08009ed4   0x0000001b   Data   RO          945    .constdata          inv_mpu.o
    0x08009eef   0x08009eef   0x00000001   PAD
    0x08009ef0   0x08009ef0   0x00000028   Data   RO          946    .constdata          inv_mpu.o
    0x08009f18   0x08009f18   0x00000bf6   Data   RO          981    .constdata          inv_mpu_dmp_motion_driver.o
    0x0800ab0e   0x0800ab0e   0x00000002   PAD
    0x0800ab10   0x0800ab10   0x00000050   Data   RO         1054    .constdata          m_ws.l(asin.o)
    0x0800ab60   0x0800ab60   0x00000088   Data   RO         1072    .constdata          m_ws.l(pow.o)
    0x0800abe8   0x0800abe8   0x00000098   Data   RO         1388    .constdata          m_ws.l(atan.o)
    0x0800ac80   0x0800ac80   0x00000008   Data   RO         1414    .constdata          m_ws.l(qnan.o)
    0x0800ac88   0x0800ac88   0x0000004e   Data   RO          947    .conststring        inv_mpu.o
    0x0800acd6   0x0800acd6   0x00000002   PAD
    0x0800acd8   0x0800acd8   0x00000020   Data   RO         1470    Region$$Table       anon$$obj.o


    Execution Region RW_IRAM1 (Exec base: 0x20000000, Load base: 0x0800acf8, Size: 0x00000c38, Max: 0x0000c000, ABSOLUTE, COMPRESSED[0x00000054])

    Exec Addr    Load Addr    Size         Type   Attr      Idx    E Section Name        Object

    0x20000000   COMPRESSED   0x00000014   Data   RW           25    .data               system_stm32f10x.o
    0x20000014   COMPRESSED   0x00000014   Data   RW          319    .data               stm32f10x_rcc.o
    0x20000028   COMPRESSED   0x00000001   Data   RW          408    .data               main.o
    0x20000029   COMPRESSED   0x00000001   Data   RW          409    .data               main.o
    0x2000002a   COMPRESSED   0x00000001   Data   RW          410    .data               main.o
    0x2000002b   COMPRESSED   0x00000001   PAD
    0x2000002c   COMPRESSED   0x00000006   Data   RW          412    .data               main.o
    0x20000032   COMPRESSED   0x00000001   Data   RW          417    .data               main.o
    0x20000033   COMPRESSED   0x00000001   Data   RW          418    .data               main.o
    0x20000034   COMPRESSED   0x00000001   Data   RW          419    .data               main.o
    0x20000035   COMPRESSED   0x00000003   PAD
    0x20000038   COMPRESSED   0x00000004   Data   RW          420    .data               main.o
    0x2000003c   COMPRESSED   0x00000004   Data   RW          421    .data               main.o
    0x20000040   COMPRESSED   0x00000008   Data   RW          570    .data               bsp_beep.o
    0x20000048   COMPRESSED   0x00000004   Data   RW          628    .data               bsp_key.o
    0x2000004c   COMPRESSED   0x00000004   Data   RW          644    .data               bsp_led.o
    0x20000050   COMPRESSED   0x0000000c   Data   RW          658    .data               bsp_systick.o
    0x2000005c   COMPRESSED   0x0000000c   Data   RW          789    .data               usartx.o
    0x20000068   COMPRESSED   0x000000a0   Data   RW          813    .data               control.o
    0x20000108   COMPRESSED   0x00000001   Data   RW          814    .data               control.o
    0x20000109   COMPRESSED   0x00000001   Data   RW          816    .data               control.o
    0x2000010a   COMPRESSED   0x00000002   PAD
    0x2000010c   COMPRESSED   0x00000004   Data   RW          832    .data               control.o
    0x20000110   COMPRESSED   0x00000001   Data   RW          871    .data               show.o
    0x20000111   COMPRESSED   0x00000003   PAD
    0x20000114   COMPRESSED   0x00000014   Data   RW          896    .data               bluetooth.o
    0x20000128   COMPRESSED   0x0000003c   Data   RW          914    .data               pid.o
    0x20000164   COMPRESSED   0x0000002c   Data   RW          948    .data               inv_mpu.o
    0x20000190   COMPRESSED   0x00000035   Data   RW         1010    .data               mpu6050.o
    0x200001c5   COMPRESSED   0x00000003   PAD
    0x200001c8   COMPRESSED   0x00000084   Data   RW         1038    .data               filter.o
    0x2000024c   COMPRESSED   0x00000004   Data   RW         1437    .data               mc_w.l(stdout.o)
    0x20000250   COMPRESSED   0x00000004   Data   RW         1451    .data               mc_w.l(errno.o)
    0x20000254        -       0x00000400   Zero   RW          731    .bss                bsp_oled.o
    0x20000654        -       0x0000002a   Zero   RW          766    .bss                datascope_dp.o
    0x2000067e   COMPRESSED   0x00000002   PAD
    0x20000680        -       0x00000050   Zero   RW          785    .bss                usartx.o
    0x200006d0        -       0x00000070   Zero   RW          812    .bss                control.o
    0x20000740        -       0x00000032   Zero   RW          895    .bss                bluetooth.o
    0x20000772   COMPRESSED   0x00000002   PAD
    0x20000774        -       0x00000010   Zero   RW          980    .bss                inv_mpu_dmp_motion_driver.o
    0x20000784        -       0x00000092   Zero   RW         1009    .bss                mpu6050.o
    0x20000816   COMPRESSED   0x00000002   PAD
    0x20000818        -       0x00000020   Zero   RW         1037    .bss                filter.o
    0x20000838        -       0x00000400   Zero   RW            1    STACK               startup_stm32f10x_hd.o


==============================================================================

Image component sizes


      Code (inc. data)   RO Data    RW Data    ZI Data      Debug   Object Name

       516         68          0         20         50       1298   bluetooth.o
       272         20          0          0          0       1568   bsp_adc.o
       180         16          0          8          0       1641   bsp_beep.o
       464         16          0          0          0       2114   bsp_generaltim.o
       308         22          0          4          0       1696   bsp_key.o
       116         10          0          4          0        784   bsp_led.o
       152          6          0          0          0       1283   bsp_motor.o
      1024         30       2660          0       1024       5202   bsp_oled.o
       288         26          0         12          0      17765   bsp_systick.o
       752         34          0          0          0       2171   bsp_usart.o
      4492        290          0        166        112      16924   control.o
         0          0          0          0          0       4500   core_cm3.o
       228         30          0          0         42       2248   datascope_dp.o
       432         22          0          0          0       1895   encoder.o
       792         24          0        132         32       2449   filter.o
      5824        166        157         44          0      22389   inv_mpu.o
      2636        118       3062          0         16      15321   inv_mpu_dmp_motion_driver.o
      1134          8          0          0          0       5864   ioi2c.o
       348         24          0         20          0      18679   main.o
       176         14          0          0          0       1933   misc.o
      1844        366          0         53        146      21845   mpu6050.o
       252         22          0         60          0       1697   pid.o
       776        144          0          1          0       1436   show.o
        36          8        304          0       1024        860   startup_stm32f10x_hd.o
       816         24          0          0          0      11385   stm32f10x_adc.o
       232          8          0          0          0       2439   stm32f10x_exti.o
       612         36          0          0          0       6057   stm32f10x_gpio.o
        20          0          0          0          0       1250   stm32f10x_it.o
       696         32          0         20          0       9048   stm32f10x_rcc.o
      2800         84          0          0          0      23998   stm32f10x_tim.o
       808         22          0          0          0       8928   stm32f10x_usart.o
       344         34          0         20          0     261643   system_stm32f10x.o
       816        104          0         12         80       5398   usartx.o

    ----------------------------------------------------------------------
     30188       1828       6220        588       2532     483708   Object Totals
         0          0         32          0          0          0   (incl. Generated)
         2          0          5         12          6          0   (incl. Padding)

    ----------------------------------------------------------------------

      Code (inc. data)   RO Data    RW Data    ZI Data      Debug   Library Member Name

       624         52         80          0          0        168   asin.o
       544         70        152          0          0        124   atan.o
       384         38          0          0          0        144   atan2.o
        68         10          0          0          0        408   dunder.o
        40          0          0          0          0         68   fpclassify.o
       170          0          0          0          0         96   poly.o
      2520        190        136          0          0        324   pow.o
         0          0          8          0          0          0   qnan.o
        76          0          0          0          0         84   sqrt.o
        86          0          0          0          0          0   __dczerorl2.o
         0          0          0          0          0          0   entry.o
         0          0          0          0          0          0   entry10a.o
         0          0          0          0          0          0   entry11a.o
         8          4          0          0          0          0   entry2.o
         4          0          0          0          0          0   entry5.o
         0          0          0          0          0          0   entry7b.o
         0          0          0          0          0          0   entry8b.o
         8          4          0          0          0          0   entry9a.o
        12          6          0          4          0         68   errno.o
        30          0          0          0          0          0   handlers.o
        36          8          0          0          0         68   init.o
         0          0          0          0          0          0   iusefp.o
        98          0          0          0          0         84   ldiv.o
        30          0          0          0          0         68   llshl.o
        36          0          0          0          0         68   llsshr.o
        32          0          0          0          0         68   llushr.o
        26          0          0          0          0         80   memcmp.o
        36          0          0          0          0        108   memseta.o
       372         14          0          0          0        184   printf1.o
         0          0          0          4          0          0   stdout.o
        44          0          0          0          0         80   uidiv.o
        98          0          0          0          0         92   uldiv.o
        48          0          0          0          0         68   cdrcmple.o
        20          0          0          0          0         68   cfcmple.o
        20          0          0          0          0         68   cfrcmple.o
        56          0          0          0          0         88   d2f.o
       334          0          0          0          0        148   dadd.o
       222          0          0          0          0        100   ddiv.o
       186          0          0          0          0        176   depilogue.o
        62          0          0          0          0         80   dfixi.o
        34          0          0          0          0         76   dflti.o
       228          0          0          0          0         96   dmul.o
        46          0          0          0          0         80   dscalb.o
       162          0          0          0          0        100   dsqrt.o
        38          0          0          0          0         68   f2d.o
       176          0          0          0          0        140   fadd.o
       124          0          0          0          0         88   fdiv.o
       110          0          0          0          0        168   fepilogue.o
        50          0          0          0          0         68   ffixi.o
        40          0          0          0          0         68   ffixui.o
        18          0          0          0          0         68   fflti.o
        10          0          0          0          0         68   ffltui.o
       100          0          0          0          0         76   fmul.o
        24          0          0          0          0         68   fscalb.o

    ----------------------------------------------------------------------
      7496        396        376          8          0       4412   Library Totals
         6          0          0          0          0          0   (incl. Padding)

    ----------------------------------------------------------------------

      Code (inc. data)   RO Data    RW Data    ZI Data      Debug   Library Name

      4426        360        376          0          0       1416   m_ws.l
       956         36          0          8          0        968   mc_w.l
      2108          0          0          0          0       2028   mf_w.l

    ----------------------------------------------------------------------
      7496        396        376          8          0       4412   Library Totals

    ----------------------------------------------------------------------

==============================================================================


      Code (inc. data)   RO Data    RW Data    ZI Data      Debug   

     37684       2224       6596        596       2532     482060   Grand Totals
     37684       2224       6596         84       2532     482060   ELF Image Totals (compressed)
     37684       2224       6596         84          0          0   ROM Totals

==============================================================================

    Total RO  Size (Code + RO Data)                44280 (  43.24kB)
    Total RW  Size (RW Data + ZI Data)              3128 (   3.05kB)
    Total ROM Size (Code + RO Data + RW Data)      44364 (  43.32kB)

==============================================================================

